ARM GAS  C:\Users\lluveras\AppData\Local\Temp\ccyRRzzA.s 			page 1


   1              		.syntax unified
   2              		.cpu cortex-m0
   3              		.fpu softvfp
   4              		.eabi_attribute 20, 1
   5              		.eabi_attribute 21, 1
   6              		.eabi_attribute 23, 3
   7              		.eabi_attribute 24, 1
   8              		.eabi_attribute 25, 1
   9              		.eabi_attribute 26, 1
  10              		.eabi_attribute 30, 1
  11              		.eabi_attribute 34, 0
  12              		.eabi_attribute 18, 4
  13              		.thumb
  14              		.syntax unified
  15              		.file	"cyfitter_cfg.c"
  16              		.text
  17              	.Ltext0:
  18              		.cfi_sections	.debug_frame
  19              		.section	.text.CYMEMZERO,"ax",%progbits
  20              		.align	2
  21              		.code	16
  22              		.thumb_func
  23              		.type	CYMEMZERO, %function
  24              	CYMEMZERO:
  25              	.LFB2:
  26              		.file 1 "Generated_Source\\PSoC4\\cyfitter_cfg.c"
   1:Generated_Source\PSoC4/cyfitter_cfg.c **** 
   2:Generated_Source\PSoC4/cyfitter_cfg.c **** /*******************************************************************************
   3:Generated_Source\PSoC4/cyfitter_cfg.c **** * File Name: cyfitter_cfg.c
   4:Generated_Source\PSoC4/cyfitter_cfg.c **** * 
   5:Generated_Source\PSoC4/cyfitter_cfg.c **** * PSoC Creator  4.4
   6:Generated_Source\PSoC4/cyfitter_cfg.c **** *
   7:Generated_Source\PSoC4/cyfitter_cfg.c **** * Description:
   8:Generated_Source\PSoC4/cyfitter_cfg.c **** * This file contains device initialization code.
   9:Generated_Source\PSoC4/cyfitter_cfg.c **** * Except for the user defined sections in CyClockStartupError(), this file should not be modified.
  10:Generated_Source\PSoC4/cyfitter_cfg.c **** * This file is automatically generated by PSoC Creator.
  11:Generated_Source\PSoC4/cyfitter_cfg.c **** *
  12:Generated_Source\PSoC4/cyfitter_cfg.c **** ********************************************************************************
  13:Generated_Source\PSoC4/cyfitter_cfg.c **** * Copyright (c) 2007-2020 Cypress Semiconductor.  All rights reserved.
  14:Generated_Source\PSoC4/cyfitter_cfg.c **** * You may use this file only in accordance with the license, terms, conditions, 
  15:Generated_Source\PSoC4/cyfitter_cfg.c **** * disclaimers, and limitations in the end user license agreement accompanying 
  16:Generated_Source\PSoC4/cyfitter_cfg.c **** * the software package with which this file was provided.
  17:Generated_Source\PSoC4/cyfitter_cfg.c **** ********************************************************************************/
  18:Generated_Source\PSoC4/cyfitter_cfg.c **** 
  19:Generated_Source\PSoC4/cyfitter_cfg.c **** #include <string.h>
  20:Generated_Source\PSoC4/cyfitter_cfg.c **** #include "cytypes.h"
  21:Generated_Source\PSoC4/cyfitter_cfg.c **** #include "cydevice_trm.h"
  22:Generated_Source\PSoC4/cyfitter_cfg.c **** #include "cyfitter.h"
  23:Generated_Source\PSoC4/cyfitter_cfg.c **** #include "CyLib.h"
  24:Generated_Source\PSoC4/cyfitter_cfg.c **** #include "CyLFClk.h"
  25:Generated_Source\PSoC4/cyfitter_cfg.c **** #include "cyfitter_cfg.h"
  26:Generated_Source\PSoC4/cyfitter_cfg.c **** #include "cyapicallbacks.h"
  27:Generated_Source\PSoC4/cyfitter_cfg.c **** 
  28:Generated_Source\PSoC4/cyfitter_cfg.c **** 
  29:Generated_Source\PSoC4/cyfitter_cfg.c **** #if defined(__GNUC__) || defined(__ARMCC_VERSION)
  30:Generated_Source\PSoC4/cyfitter_cfg.c ****     #define CYPACKED 
  31:Generated_Source\PSoC4/cyfitter_cfg.c ****     #define CYPACKED_ATTR __attribute__ ((packed))
ARM GAS  C:\Users\lluveras\AppData\Local\Temp\ccyRRzzA.s 			page 2


  32:Generated_Source\PSoC4/cyfitter_cfg.c ****     #define CYALIGNED __attribute__ ((aligned))
  33:Generated_Source\PSoC4/cyfitter_cfg.c ****     #define CY_CFG_UNUSED __attribute__ ((unused))
  34:Generated_Source\PSoC4/cyfitter_cfg.c ****     #ifndef CY_CFG_SECTION
  35:Generated_Source\PSoC4/cyfitter_cfg.c ****         #define CY_CFG_SECTION __attribute__ ((section(".psocinit")))
  36:Generated_Source\PSoC4/cyfitter_cfg.c ****     #endif
  37:Generated_Source\PSoC4/cyfitter_cfg.c ****     
  38:Generated_Source\PSoC4/cyfitter_cfg.c ****     #if defined(__ARMCC_VERSION)
  39:Generated_Source\PSoC4/cyfitter_cfg.c ****         #define CY_CFG_MEMORY_BARRIER() __memory_changed()
  40:Generated_Source\PSoC4/cyfitter_cfg.c ****     #else
  41:Generated_Source\PSoC4/cyfitter_cfg.c ****         #define CY_CFG_MEMORY_BARRIER() __sync_synchronize()
  42:Generated_Source\PSoC4/cyfitter_cfg.c ****     #endif
  43:Generated_Source\PSoC4/cyfitter_cfg.c ****     
  44:Generated_Source\PSoC4/cyfitter_cfg.c **** #elif defined(__ICCARM__)
  45:Generated_Source\PSoC4/cyfitter_cfg.c ****     #include <intrinsics.h>
  46:Generated_Source\PSoC4/cyfitter_cfg.c **** 
  47:Generated_Source\PSoC4/cyfitter_cfg.c ****     #define CYPACKED __packed
  48:Generated_Source\PSoC4/cyfitter_cfg.c ****     #define CYPACKED_ATTR 
  49:Generated_Source\PSoC4/cyfitter_cfg.c ****     #define CYALIGNED _Pragma("data_alignment=4")
  50:Generated_Source\PSoC4/cyfitter_cfg.c ****     #define CY_CFG_UNUSED _Pragma("diag_suppress=Pe177")
  51:Generated_Source\PSoC4/cyfitter_cfg.c ****     #define CY_CFG_SECTION _Pragma("location=\".psocinit\"")
  52:Generated_Source\PSoC4/cyfitter_cfg.c ****     
  53:Generated_Source\PSoC4/cyfitter_cfg.c ****     #define CY_CFG_MEMORY_BARRIER() __DMB()
  54:Generated_Source\PSoC4/cyfitter_cfg.c ****     
  55:Generated_Source\PSoC4/cyfitter_cfg.c **** #else
  56:Generated_Source\PSoC4/cyfitter_cfg.c ****     #error Unsupported toolchain
  57:Generated_Source\PSoC4/cyfitter_cfg.c **** #endif
  58:Generated_Source\PSoC4/cyfitter_cfg.c **** 
  59:Generated_Source\PSoC4/cyfitter_cfg.c **** #ifndef CYCODE
  60:Generated_Source\PSoC4/cyfitter_cfg.c ****     #define CYCODE
  61:Generated_Source\PSoC4/cyfitter_cfg.c **** #endif
  62:Generated_Source\PSoC4/cyfitter_cfg.c **** #ifndef CYDATA
  63:Generated_Source\PSoC4/cyfitter_cfg.c ****     #define CYDATA
  64:Generated_Source\PSoC4/cyfitter_cfg.c **** #endif
  65:Generated_Source\PSoC4/cyfitter_cfg.c **** #ifndef CYFAR
  66:Generated_Source\PSoC4/cyfitter_cfg.c ****     #define CYFAR
  67:Generated_Source\PSoC4/cyfitter_cfg.c **** #endif
  68:Generated_Source\PSoC4/cyfitter_cfg.c **** #ifndef CYXDATA
  69:Generated_Source\PSoC4/cyfitter_cfg.c ****     #define CYXDATA
  70:Generated_Source\PSoC4/cyfitter_cfg.c **** #endif
  71:Generated_Source\PSoC4/cyfitter_cfg.c **** 
  72:Generated_Source\PSoC4/cyfitter_cfg.c **** 
  73:Generated_Source\PSoC4/cyfitter_cfg.c **** CY_CFG_UNUSED
  74:Generated_Source\PSoC4/cyfitter_cfg.c **** static void CYMEMZERO(void *s, size_t n);
  75:Generated_Source\PSoC4/cyfitter_cfg.c **** CY_CFG_UNUSED
  76:Generated_Source\PSoC4/cyfitter_cfg.c **** static void CYMEMZERO(void *s, size_t n)
  77:Generated_Source\PSoC4/cyfitter_cfg.c **** {
  27              		.loc 1 77 0
  28              		.cfi_startproc
  29              		@ args = 0, pretend = 0, frame = 0
  30              		@ frame_needed = 0, uses_anonymous_args = 0
  31              	.LVL0:
  32 0000 10B5     		push	{r4, lr}
  33              		.cfi_def_cfa_offset 8
  34              		.cfi_offset 4, -8
  35              		.cfi_offset 14, -4
  36 0002 0A00     		movs	r2, r1
  78:Generated_Source\PSoC4/cyfitter_cfg.c **** 	(void)memset(s, 0, n);
ARM GAS  C:\Users\lluveras\AppData\Local\Temp\ccyRRzzA.s 			page 3


  37              		.loc 1 78 0
  38 0004 0021     		movs	r1, #0
  39              	.LVL1:
  40 0006 FFF7FEFF 		bl	memset
  41              	.LVL2:
  79:Generated_Source\PSoC4/cyfitter_cfg.c **** }
  42              		.loc 1 79 0
  43              		@ sp needed
  44 000a 10BD     		pop	{r4, pc}
  45              		.cfi_endproc
  46              	.LFE2:
  47              		.size	CYMEMZERO, .-CYMEMZERO
  48              		.section	.psocinit,"ax",%progbits
  49              		.align	2
  50              		.code	16
  51              		.thumb_func
  52              		.type	ClockSetup, %function
  53              	ClockSetup:
  54              	.LFB5:
  80:Generated_Source\PSoC4/cyfitter_cfg.c **** CY_CFG_UNUSED
  81:Generated_Source\PSoC4/cyfitter_cfg.c **** static void CYCONFIGCPY(void *dest, const void *src, size_t n);
  82:Generated_Source\PSoC4/cyfitter_cfg.c **** CY_CFG_UNUSED
  83:Generated_Source\PSoC4/cyfitter_cfg.c **** static void CYCONFIGCPY(void *dest, const void *src, size_t n)
  84:Generated_Source\PSoC4/cyfitter_cfg.c **** {
  85:Generated_Source\PSoC4/cyfitter_cfg.c **** 	(void)memcpy(dest, src, n);
  86:Generated_Source\PSoC4/cyfitter_cfg.c **** }
  87:Generated_Source\PSoC4/cyfitter_cfg.c **** CY_CFG_UNUSED
  88:Generated_Source\PSoC4/cyfitter_cfg.c **** static void CYCONFIGCPYCODE(void *dest, const void *src, size_t n);
  89:Generated_Source\PSoC4/cyfitter_cfg.c **** CY_CFG_UNUSED
  90:Generated_Source\PSoC4/cyfitter_cfg.c **** static void CYCONFIGCPYCODE(void *dest, const void *src, size_t n)
  91:Generated_Source\PSoC4/cyfitter_cfg.c **** {
  92:Generated_Source\PSoC4/cyfitter_cfg.c **** 	(void)memcpy(dest, src, n);
  93:Generated_Source\PSoC4/cyfitter_cfg.c **** }
  94:Generated_Source\PSoC4/cyfitter_cfg.c **** 
  95:Generated_Source\PSoC4/cyfitter_cfg.c **** 
  96:Generated_Source\PSoC4/cyfitter_cfg.c **** 
  97:Generated_Source\PSoC4/cyfitter_cfg.c **** 
  98:Generated_Source\PSoC4/cyfitter_cfg.c **** /* Clock startup error codes                                                   */
  99:Generated_Source\PSoC4/cyfitter_cfg.c **** #define CYCLOCKSTART_NO_ERROR    0u
 100:Generated_Source\PSoC4/cyfitter_cfg.c **** #define CYCLOCKSTART_XTAL_ERROR  1u
 101:Generated_Source\PSoC4/cyfitter_cfg.c **** #define CYCLOCKSTART_32KHZ_ERROR 2u
 102:Generated_Source\PSoC4/cyfitter_cfg.c **** #define CYCLOCKSTART_PLL_ERROR   3u
 103:Generated_Source\PSoC4/cyfitter_cfg.c **** #define CYCLOCKSTART_FLL_ERROR   4u
 104:Generated_Source\PSoC4/cyfitter_cfg.c **** #define CYCLOCKSTART_WCO_ERROR   5u
 105:Generated_Source\PSoC4/cyfitter_cfg.c **** 
 106:Generated_Source\PSoC4/cyfitter_cfg.c **** 
 107:Generated_Source\PSoC4/cyfitter_cfg.c **** #ifdef CY_NEED_CYCLOCKSTARTUPERROR
 108:Generated_Source\PSoC4/cyfitter_cfg.c **** /*******************************************************************************
 109:Generated_Source\PSoC4/cyfitter_cfg.c **** * Function Name: CyClockStartupError
 110:Generated_Source\PSoC4/cyfitter_cfg.c **** ********************************************************************************
 111:Generated_Source\PSoC4/cyfitter_cfg.c **** * Summary:
 112:Generated_Source\PSoC4/cyfitter_cfg.c **** *  If an error is encountered during clock configuration (crystal startup error,
 113:Generated_Source\PSoC4/cyfitter_cfg.c **** *  PLL lock error, etc.), the system will end up here.  Unless reimplemented by
 114:Generated_Source\PSoC4/cyfitter_cfg.c **** *  the customer, this function will stop in an infinite loop.
 115:Generated_Source\PSoC4/cyfitter_cfg.c **** *
 116:Generated_Source\PSoC4/cyfitter_cfg.c **** * Parameters:
 117:Generated_Source\PSoC4/cyfitter_cfg.c **** *   void
ARM GAS  C:\Users\lluveras\AppData\Local\Temp\ccyRRzzA.s 			page 4


 118:Generated_Source\PSoC4/cyfitter_cfg.c **** *
 119:Generated_Source\PSoC4/cyfitter_cfg.c **** * Return:
 120:Generated_Source\PSoC4/cyfitter_cfg.c **** *   void
 121:Generated_Source\PSoC4/cyfitter_cfg.c **** *
 122:Generated_Source\PSoC4/cyfitter_cfg.c **** *******************************************************************************/
 123:Generated_Source\PSoC4/cyfitter_cfg.c **** CY_CFG_UNUSED
 124:Generated_Source\PSoC4/cyfitter_cfg.c **** static void CyClockStartupError(uint8 errorCode);
 125:Generated_Source\PSoC4/cyfitter_cfg.c **** CY_CFG_UNUSED
 126:Generated_Source\PSoC4/cyfitter_cfg.c **** static void CyClockStartupError(uint8 errorCode)
 127:Generated_Source\PSoC4/cyfitter_cfg.c **** {
 128:Generated_Source\PSoC4/cyfitter_cfg.c ****     /* To remove the compiler warning if errorCode not used.                */
 129:Generated_Source\PSoC4/cyfitter_cfg.c ****     errorCode = errorCode;
 130:Generated_Source\PSoC4/cyfitter_cfg.c **** 
 131:Generated_Source\PSoC4/cyfitter_cfg.c ****     /* If we have a clock startup error (bad MHz crystal, PLL lock, etc.),  */
 132:Generated_Source\PSoC4/cyfitter_cfg.c ****     /* we will end up here to allow the customer to implement something to  */
 133:Generated_Source\PSoC4/cyfitter_cfg.c ****     /* deal with the clock condition.                                       */
 134:Generated_Source\PSoC4/cyfitter_cfg.c **** 
 135:Generated_Source\PSoC4/cyfitter_cfg.c **** #ifdef CY_CFG_CLOCK_STARTUP_ERROR_CALLBACK
 136:Generated_Source\PSoC4/cyfitter_cfg.c ****     CY_CFG_Clock_Startup_ErrorCallback();
 137:Generated_Source\PSoC4/cyfitter_cfg.c **** #else
 138:Generated_Source\PSoC4/cyfitter_cfg.c ****     /*  If not using CY_CFG_CLOCK_STARTUP_ERROR_CALLBACK, place your clock startup code here. */
 139:Generated_Source\PSoC4/cyfitter_cfg.c ****     /* `#START CyClockStartupError` */
 140:Generated_Source\PSoC4/cyfitter_cfg.c **** 
 141:Generated_Source\PSoC4/cyfitter_cfg.c **** 
 142:Generated_Source\PSoC4/cyfitter_cfg.c **** 
 143:Generated_Source\PSoC4/cyfitter_cfg.c ****     /* `#END` */
 144:Generated_Source\PSoC4/cyfitter_cfg.c **** 
 145:Generated_Source\PSoC4/cyfitter_cfg.c ****     while(1) {}
 146:Generated_Source\PSoC4/cyfitter_cfg.c **** #endif /* CY_CFG_CLOCK_STARTUP_ERROR_CALLBACK */
 147:Generated_Source\PSoC4/cyfitter_cfg.c **** }
 148:Generated_Source\PSoC4/cyfitter_cfg.c **** #endif
 149:Generated_Source\PSoC4/cyfitter_cfg.c **** 
 150:Generated_Source\PSoC4/cyfitter_cfg.c **** 
 151:Generated_Source\PSoC4/cyfitter_cfg.c **** 
 152:Generated_Source\PSoC4/cyfitter_cfg.c **** /*******************************************************************************
 153:Generated_Source\PSoC4/cyfitter_cfg.c **** * Function Name: ClockSetup
 154:Generated_Source\PSoC4/cyfitter_cfg.c **** ********************************************************************************
 155:Generated_Source\PSoC4/cyfitter_cfg.c **** *
 156:Generated_Source\PSoC4/cyfitter_cfg.c **** * Summary:
 157:Generated_Source\PSoC4/cyfitter_cfg.c **** *   Performs the initialization of all of the clocks in the device based on the
 158:Generated_Source\PSoC4/cyfitter_cfg.c **** *   settings in the Clock tab of the DWR.  This includes enabling the requested
 159:Generated_Source\PSoC4/cyfitter_cfg.c **** *   clocks and setting the necessary dividers to produce the desired frequency. 
 160:Generated_Source\PSoC4/cyfitter_cfg.c **** *
 161:Generated_Source\PSoC4/cyfitter_cfg.c **** * Parameters:
 162:Generated_Source\PSoC4/cyfitter_cfg.c **** *   void
 163:Generated_Source\PSoC4/cyfitter_cfg.c **** *
 164:Generated_Source\PSoC4/cyfitter_cfg.c **** * Return:
 165:Generated_Source\PSoC4/cyfitter_cfg.c **** *   void
 166:Generated_Source\PSoC4/cyfitter_cfg.c **** *
 167:Generated_Source\PSoC4/cyfitter_cfg.c **** *******************************************************************************/
 168:Generated_Source\PSoC4/cyfitter_cfg.c **** static void ClockSetup(void);
 169:Generated_Source\PSoC4/cyfitter_cfg.c **** CY_CFG_SECTION
 170:Generated_Source\PSoC4/cyfitter_cfg.c **** static void ClockSetup(void)
 171:Generated_Source\PSoC4/cyfitter_cfg.c **** {
  55              		.loc 1 171 0
  56              		.cfi_startproc
  57              		@ args = 0, pretend = 0, frame = 0
ARM GAS  C:\Users\lluveras\AppData\Local\Temp\ccyRRzzA.s 			page 5


  58              		@ frame_needed = 0, uses_anonymous_args = 0
  59 0000 70B5     		push	{r4, r5, r6, lr}
  60              		.cfi_def_cfa_offset 16
  61              		.cfi_offset 4, -16
  62              		.cfi_offset 5, -12
  63              		.cfi_offset 6, -8
  64              		.cfi_offset 14, -4
 172:Generated_Source\PSoC4/cyfitter_cfg.c **** 
 173:Generated_Source\PSoC4/cyfitter_cfg.c **** 	/* Set Flash Cycles based on max possible frequency in case a glitch occurs during ClockSetup(). *
 174:Generated_Source\PSoC4/cyfitter_cfg.c **** 	CY_SET_REG32((void CYXDATA *)(CYREG_CPUSS_FLASH_CTL), (0x0012u));
  65              		.loc 1 174 0
  66 0002 1222     		movs	r2, #18
  67 0004 224B     		ldr	r3, .L3
  68 0006 1A60     		str	r2, [r3]
 175:Generated_Source\PSoC4/cyfitter_cfg.c **** 
 176:Generated_Source\PSoC4/cyfitter_cfg.c **** 	/* Start the WCO */
 177:Generated_Source\PSoC4/cyfitter_cfg.c **** 	CySysClkWcoStart();
  69              		.loc 1 177 0
  70 0008 FFF7FEFF 		bl	CySysClkWcoStart
  71              	.LVL3:
 178:Generated_Source\PSoC4/cyfitter_cfg.c **** 	CyDelayCycles(12000000u); /* WCO may take up to 500ms to start */
  72              		.loc 1 178 0
  73 000c 2148     		ldr	r0, .L3+4
  74 000e FFF7FEFF 		bl	CyDelayCycles
  75              	.LVL4:
 179:Generated_Source\PSoC4/cyfitter_cfg.c **** 	(void)CySysClkWcoSetPowerMode(CY_SYS_CLK_WCO_LPM);    /* Switch to the low power mode */
  76              		.loc 1 179 0
  77 0012 0120     		movs	r0, #1
  78 0014 FFF7FEFF 		bl	CySysClkWcoSetPowerMode
  79              	.LVL5:
 180:Generated_Source\PSoC4/cyfitter_cfg.c **** 
 181:Generated_Source\PSoC4/cyfitter_cfg.c **** 	/* Setup and trim IMO based on desired frequency. */
 182:Generated_Source\PSoC4/cyfitter_cfg.c **** 	CySysClkWriteImoFreq(48u);
  80              		.loc 1 182 0
  81 0018 3020     		movs	r0, #48
  82 001a FFF7FEFF 		bl	CySysClkWriteImoFreq
  83              	.LVL6:
 183:Generated_Source\PSoC4/cyfitter_cfg.c **** 	/* CYDEV_CLK_ILO_CONFIG Starting address: CYDEV_CLK_ILO_CONFIG */
 184:Generated_Source\PSoC4/cyfitter_cfg.c **** 	CY_SET_REG32((void *)(CYREG_CLK_ILO_CONFIG), 0x80000006u);
  84              		.loc 1 184 0
  85 001e 1E4A     		ldr	r2, .L3+8
  86 0020 1E4B     		ldr	r3, .L3+12
  87 0022 1A60     		str	r2, [r3]
 185:Generated_Source\PSoC4/cyfitter_cfg.c **** 
 186:Generated_Source\PSoC4/cyfitter_cfg.c **** 	/* CYDEV_WDT_CONFIG Starting address: CYDEV_WDT_CONFIG */
 187:Generated_Source\PSoC4/cyfitter_cfg.c **** 	CY_SET_REG32((void *)(CYREG_WDT_CONFIG), 0x40000000u);
  88              		.loc 1 187 0
  89 0024 1E4C     		ldr	r4, .L3+16
  90 0026 8025     		movs	r5, #128
  91 0028 ED05     		lsls	r5, r5, #23
  92 002a 2560     		str	r5, [r4]
 188:Generated_Source\PSoC4/cyfitter_cfg.c **** 
 189:Generated_Source\PSoC4/cyfitter_cfg.c **** 
 190:Generated_Source\PSoC4/cyfitter_cfg.c **** 	/* Enable fast start mode for XO */
 191:Generated_Source\PSoC4/cyfitter_cfg.c **** 	CY_SET_REG32((void*)CYREG_BLE_BLERD_BB_XO, CY_GET_REG32((void*)CYREG_BLE_BLERD_BB_XO) | (uint32)0x
  93              		.loc 1 191 0
  94 002c 1D4A     		ldr	r2, .L3+20
ARM GAS  C:\Users\lluveras\AppData\Local\Temp\ccyRRzzA.s 			page 6


  95 002e 1168     		ldr	r1, [r2]
  96 0030 0223     		movs	r3, #2
  97 0032 0B43     		orrs	r3, r1
  98 0034 1360     		str	r3, [r2]
 192:Generated_Source\PSoC4/cyfitter_cfg.c **** 	CY_SET_REG32((void *)(CYREG_BLE_BLERD_BB_XO_CAPTRIM), 0x00003E2Du);
  99              		.loc 1 192 0
 100 0036 1C4A     		ldr	r2, .L3+24
 101 0038 1C4B     		ldr	r3, .L3+28
 102 003a 1A60     		str	r2, [r3]
 193:Generated_Source\PSoC4/cyfitter_cfg.c **** 	/*Set XTAL(ECO) divider*/
 194:Generated_Source\PSoC4/cyfitter_cfg.c **** 	CY_SET_REG32((void *)(CYREG_BLE_BLESS_XTAL_CLK_DIV_CONFIG), 0x00000000u);
 103              		.loc 1 194 0
 104 003c 0022     		movs	r2, #0
 105 003e 1C4B     		ldr	r3, .L3+32
 106 0040 1A60     		str	r2, [r3]
 195:Generated_Source\PSoC4/cyfitter_cfg.c **** 	/* Disable Crystal Stable Interrupt before enabling ECO */
 196:Generated_Source\PSoC4/cyfitter_cfg.c **** 	CY_SET_REG32((void*)CYREG_BLE_BLESS_LL_DSM_CTRL, CY_GET_REG32((void*)CYREG_BLE_BLESS_LL_DSM_CTRL) 
 107              		.loc 1 196 0
 108 0042 1C4A     		ldr	r2, .L3+36
 109 0044 1368     		ldr	r3, [r2]
 110 0046 0821     		movs	r1, #8
 111 0048 8B43     		bics	r3, r1
 112 004a 1360     		str	r3, [r2]
 197:Generated_Source\PSoC4/cyfitter_cfg.c **** 	/* Start the ECO and do not check status since it is not needed for HFCLK */
 198:Generated_Source\PSoC4/cyfitter_cfg.c **** 	(void)CySysClkEcoStart(2000u);
 113              		.loc 1 198 0
 114 004c FA20     		movs	r0, #250
 115 004e C000     		lsls	r0, r0, #3
 116 0050 FFF7FEFF 		bl	CySysClkEcoStart
 117              	.LVL7:
 199:Generated_Source\PSoC4/cyfitter_cfg.c **** 	CyDelayUs(1500u); /* Wait to stabilize */
 118              		.loc 1 199 0
 119 0054 1848     		ldr	r0, .L3+40
 120 0056 FFF7FEFF 		bl	CyDelayUs
 121              	.LVL8:
 200:Generated_Source\PSoC4/cyfitter_cfg.c **** 
 201:Generated_Source\PSoC4/cyfitter_cfg.c **** 	/* Setup phase aligned clocks */
 202:Generated_Source\PSoC4/cyfitter_cfg.c **** 	CY_SET_REG32((void *)CYREG_PERI_DIV_16_CTL0, 0x00001100u);
 122              		.loc 1 202 0
 123 005a 8822     		movs	r2, #136
 124 005c 5201     		lsls	r2, r2, #5
 125 005e 174B     		ldr	r3, .L3+44
 126 0060 1A60     		str	r2, [r3]
 203:Generated_Source\PSoC4/cyfitter_cfg.c **** 	CY_SET_REG32((void *)CYREG_PERI_DIV_CMD, 0x8000FF40u);
 127              		.loc 1 203 0
 128 0062 174A     		ldr	r2, .L3+48
 129 0064 174B     		ldr	r3, .L3+52
 130 0066 1A60     		str	r2, [r3]
 204:Generated_Source\PSoC4/cyfitter_cfg.c **** 
 205:Generated_Source\PSoC4/cyfitter_cfg.c **** 	/* CYDEV_CLK_IMO_CONFIG Starting address: CYDEV_CLK_IMO_CONFIG */
 206:Generated_Source\PSoC4/cyfitter_cfg.c **** 	CY_SET_REG32((void *)(CYREG_CLK_IMO_CONFIG), 0x82000000u);
 131              		.loc 1 206 0
 132 0068 8222     		movs	r2, #130
 133 006a 1206     		lsls	r2, r2, #24
 134 006c 164B     		ldr	r3, .L3+56
 135 006e 1A60     		str	r2, [r3]
 207:Generated_Source\PSoC4/cyfitter_cfg.c **** 
ARM GAS  C:\Users\lluveras\AppData\Local\Temp\ccyRRzzA.s 			page 7


 208:Generated_Source\PSoC4/cyfitter_cfg.c **** 	/* CYDEV_CLK_SELECT Starting address: CYDEV_CLK_SELECT */
 209:Generated_Source\PSoC4/cyfitter_cfg.c **** 	CY_SET_REG32((void *)(CYREG_CLK_SELECT), 0x00040000u);
 136              		.loc 1 209 0
 137 0070 8022     		movs	r2, #128
 138 0072 D202     		lsls	r2, r2, #11
 139 0074 154B     		ldr	r3, .L3+60
 140 0076 1A60     		str	r2, [r3]
 210:Generated_Source\PSoC4/cyfitter_cfg.c **** 
 211:Generated_Source\PSoC4/cyfitter_cfg.c **** 	/* CYDEV_PERI_PCLK_CTL6 Starting address: CYDEV_PERI_PCLK_CTL6 */
 212:Generated_Source\PSoC4/cyfitter_cfg.c **** 	CY_SET_REG32((void *)(CYREG_PERI_PCLK_CTL6), 0x00000040u);
 141              		.loc 1 212 0
 142 0078 4022     		movs	r2, #64
 143 007a 154B     		ldr	r3, .L3+64
 144 007c 1A60     		str	r2, [r3]
 213:Generated_Source\PSoC4/cyfitter_cfg.c **** 
 214:Generated_Source\PSoC4/cyfitter_cfg.c **** 	(void)CyIntSetVector(8u, &CySysWdtIsr);
 145              		.loc 1 214 0
 146 007e 1549     		ldr	r1, .L3+68
 147 0080 0820     		movs	r0, #8
 148 0082 FFF7FEFF 		bl	CyIntSetVector
 149              	.LVL9:
 215:Generated_Source\PSoC4/cyfitter_cfg.c **** 	CyIntEnable(8u);
 150              		.loc 1 215 0
 151 0086 0820     		movs	r0, #8
 152 0088 FFF7FEFF 		bl	CyIntEnable
 153              	.LVL10:
 216:Generated_Source\PSoC4/cyfitter_cfg.c **** 	CY_SET_REG32((void *)(CYREG_WDT_CONFIG), 0x40000000u);
 154              		.loc 1 216 0
 155 008c 2560     		str	r5, [r4]
 217:Generated_Source\PSoC4/cyfitter_cfg.c **** }
 156              		.loc 1 217 0
 157              		@ sp needed
 158 008e 70BD     		pop	{r4, r5, r6, pc}
 159              	.L4:
 160              		.align	2
 161              	.L3:
 162 0090 30001040 		.word	1074790448
 163 0094 001BB700 		.word	12000000
 164 0098 06000080 		.word	-2147483642
 165 009c 04010B40 		.word	1074462980
 166 00a0 0C020B40 		.word	1074463244
 167 00a4 78002E40 		.word	1076756600
 168 00a8 2D3E0000 		.word	15917
 169 00ac 7C002E40 		.word	1076756604
 170 00b0 64F02E40 		.word	1076818020
 171 00b4 6CF02E40 		.word	1076818028
 172 00b8 DC050000 		.word	1500
 173 00bc 00030140 		.word	1073808128
 174 00c0 40FF0080 		.word	-2147418304
 175 00c4 00000140 		.word	1073807360
 176 00c8 08010B40 		.word	1074462984
 177 00cc 00010B40 		.word	1074462976
 178 00d0 18010140 		.word	1073807640
 179 00d4 00000000 		.word	CySysWdtIsr
 180              		.cfi_endproc
 181              	.LFE5:
 182              		.size	ClockSetup, .-ClockSetup
ARM GAS  C:\Users\lluveras\AppData\Local\Temp\ccyRRzzA.s 			page 8


 183              		.section	.text.SetAnalogRoutingPumps,"ax",%progbits
 184              		.align	2
 185              		.global	SetAnalogRoutingPumps
 186              		.code	16
 187              		.thumb_func
 188              		.type	SetAnalogRoutingPumps, %function
 189              	SetAnalogRoutingPumps:
 190              	.LFB7:
 218:Generated_Source\PSoC4/cyfitter_cfg.c **** 
 219:Generated_Source\PSoC4/cyfitter_cfg.c **** 
 220:Generated_Source\PSoC4/cyfitter_cfg.c **** /* Analog API Functions */
 221:Generated_Source\PSoC4/cyfitter_cfg.c **** 
 222:Generated_Source\PSoC4/cyfitter_cfg.c **** 
 223:Generated_Source\PSoC4/cyfitter_cfg.c **** /*******************************************************************************
 224:Generated_Source\PSoC4/cyfitter_cfg.c **** * Function Name: AnalogSetDefault
 225:Generated_Source\PSoC4/cyfitter_cfg.c **** ********************************************************************************
 226:Generated_Source\PSoC4/cyfitter_cfg.c **** *
 227:Generated_Source\PSoC4/cyfitter_cfg.c **** * Summary:
 228:Generated_Source\PSoC4/cyfitter_cfg.c **** *  Sets up the analog portions of the chip to default values based on chip
 229:Generated_Source\PSoC4/cyfitter_cfg.c **** *  configuration options from the project.
 230:Generated_Source\PSoC4/cyfitter_cfg.c **** *
 231:Generated_Source\PSoC4/cyfitter_cfg.c **** * Parameters:
 232:Generated_Source\PSoC4/cyfitter_cfg.c **** *  void
 233:Generated_Source\PSoC4/cyfitter_cfg.c **** *
 234:Generated_Source\PSoC4/cyfitter_cfg.c **** * Return:
 235:Generated_Source\PSoC4/cyfitter_cfg.c **** *  void
 236:Generated_Source\PSoC4/cyfitter_cfg.c **** *
 237:Generated_Source\PSoC4/cyfitter_cfg.c **** *******************************************************************************/
 238:Generated_Source\PSoC4/cyfitter_cfg.c **** static void AnalogSetDefault(void);
 239:Generated_Source\PSoC4/cyfitter_cfg.c **** static void AnalogSetDefault(void)
 240:Generated_Source\PSoC4/cyfitter_cfg.c **** {
 241:Generated_Source\PSoC4/cyfitter_cfg.c **** 	CY_SET_XTND_REG32((void CYFAR *)CYREG_CTBM0_DFT_CTRL, 0x00000003u);
 242:Generated_Source\PSoC4/cyfitter_cfg.c **** 	CY_SET_XTND_REG32((void CYFAR *)CYREG_CTBM1_CTB_CTRL, 0x80000000u);
 243:Generated_Source\PSoC4/cyfitter_cfg.c **** 	CY_SET_XTND_REG32((void CYFAR *)CYREG_CTBM1_DFT_CTRL, 0x00000003u);
 244:Generated_Source\PSoC4/cyfitter_cfg.c **** 	CY_SET_XTND_REG32((void CYFAR *)CYREG_CTBM1_OA1_SW, 0x00240102u);
 245:Generated_Source\PSoC4/cyfitter_cfg.c **** 	CY_SET_XTND_REG32((void CYFAR *)CYREG_SAR_CTRL, 0x80000000u);
 246:Generated_Source\PSoC4/cyfitter_cfg.c **** 	CY_SET_XTND_REG32((void CYFAR *)CYREG_SAR_MUX_SWITCH0, 0x00400000u);
 247:Generated_Source\PSoC4/cyfitter_cfg.c **** 	CY_SET_XTND_REG32((void CYFAR *)CYREG_PASS_DSAB_DSAB_CTRL, 0x00000000u);
 248:Generated_Source\PSoC4/cyfitter_cfg.c **** 	SetAnalogRoutingPumps(1);
 249:Generated_Source\PSoC4/cyfitter_cfg.c **** }
 250:Generated_Source\PSoC4/cyfitter_cfg.c **** 
 251:Generated_Source\PSoC4/cyfitter_cfg.c **** 
 252:Generated_Source\PSoC4/cyfitter_cfg.c **** /*******************************************************************************
 253:Generated_Source\PSoC4/cyfitter_cfg.c **** * Function Name: SetAnalogRoutingPumps
 254:Generated_Source\PSoC4/cyfitter_cfg.c **** ********************************************************************************
 255:Generated_Source\PSoC4/cyfitter_cfg.c **** *
 256:Generated_Source\PSoC4/cyfitter_cfg.c **** * Summary:
 257:Generated_Source\PSoC4/cyfitter_cfg.c **** * Enables or disables the analog pumps feeding analog routing switches.
 258:Generated_Source\PSoC4/cyfitter_cfg.c **** * Intended to be called at startup, based on the Vdda system configuration;
 259:Generated_Source\PSoC4/cyfitter_cfg.c **** * may be called during operation when the user informs us that the Vdda voltage crossed the pump th
 260:Generated_Source\PSoC4/cyfitter_cfg.c **** *
 261:Generated_Source\PSoC4/cyfitter_cfg.c **** * Parameters:
 262:Generated_Source\PSoC4/cyfitter_cfg.c **** *  enabled - 1 to enable the pumps, 0 to disable the pumps
 263:Generated_Source\PSoC4/cyfitter_cfg.c **** *
 264:Generated_Source\PSoC4/cyfitter_cfg.c **** * Return:
 265:Generated_Source\PSoC4/cyfitter_cfg.c **** *  void
 266:Generated_Source\PSoC4/cyfitter_cfg.c **** *
ARM GAS  C:\Users\lluveras\AppData\Local\Temp\ccyRRzzA.s 			page 9


 267:Generated_Source\PSoC4/cyfitter_cfg.c **** *******************************************************************************/
 268:Generated_Source\PSoC4/cyfitter_cfg.c **** void SetAnalogRoutingPumps(uint8 enabled)
 269:Generated_Source\PSoC4/cyfitter_cfg.c **** {
 191              		.loc 1 269 0
 192              		.cfi_startproc
 193              		@ args = 0, pretend = 0, frame = 0
 194              		@ frame_needed = 0, uses_anonymous_args = 0
 195              		@ link register save eliminated.
 196              	.LVL11:
 270:Generated_Source\PSoC4/cyfitter_cfg.c **** 	uint32 regValue = CY_GET_XTND_REG32((void *)(CYREG_SAR_PUMP_CTRL));
 197              		.loc 1 270 0
 198 0000 064B     		ldr	r3, .L8
 199 0002 1B68     		ldr	r3, [r3]
 200              	.LVL12:
 271:Generated_Source\PSoC4/cyfitter_cfg.c **** 	if (enabled != 0u)
 201              		.loc 1 271 0
 202 0004 0028     		cmp	r0, #0
 203 0006 03D0     		beq	.L6
 272:Generated_Source\PSoC4/cyfitter_cfg.c **** 	{
 273:Generated_Source\PSoC4/cyfitter_cfg.c **** 		regValue |= 0x80000000u;
 204              		.loc 1 273 0
 205 0008 8022     		movs	r2, #128
 206 000a 1206     		lsls	r2, r2, #24
 207 000c 1343     		orrs	r3, r2
 208              	.LVL13:
 209 000e 01E0     		b	.L7
 210              	.L6:
 274:Generated_Source\PSoC4/cyfitter_cfg.c **** 	}
 275:Generated_Source\PSoC4/cyfitter_cfg.c **** 	else
 276:Generated_Source\PSoC4/cyfitter_cfg.c **** 	{
 277:Generated_Source\PSoC4/cyfitter_cfg.c **** 		regValue &= ~0x80000000u;
 211              		.loc 1 277 0
 212 0010 5B00     		lsls	r3, r3, #1
 213              	.LVL14:
 214 0012 5B08     		lsrs	r3, r3, #1
 215              	.LVL15:
 216              	.L7:
 278:Generated_Source\PSoC4/cyfitter_cfg.c **** 	}
 279:Generated_Source\PSoC4/cyfitter_cfg.c **** 	CY_SET_XTND_REG32((void *)(CYREG_SAR_PUMP_CTRL), regValue);
 217              		.loc 1 279 0
 218 0014 014A     		ldr	r2, .L8
 219 0016 1360     		str	r3, [r2]
 280:Generated_Source\PSoC4/cyfitter_cfg.c **** }
 220              		.loc 1 280 0
 221              		@ sp needed
 222 0018 7047     		bx	lr
 223              	.L9:
 224 001a C046     		.align	2
 225              	.L8:
 226 001c 80033A40 		.word	1077543808
 227              		.cfi_endproc
 228              	.LFE7:
 229              		.size	SetAnalogRoutingPumps, .-SetAnalogRoutingPumps
 230              		.section	.text.AnalogSetDefault,"ax",%progbits
 231              		.align	2
 232              		.code	16
 233              		.thumb_func
ARM GAS  C:\Users\lluveras\AppData\Local\Temp\ccyRRzzA.s 			page 10


 234              		.type	AnalogSetDefault, %function
 235              	AnalogSetDefault:
 236              	.LFB6:
 240:Generated_Source\PSoC4/cyfitter_cfg.c **** 	CY_SET_XTND_REG32((void CYFAR *)CYREG_CTBM0_DFT_CTRL, 0x00000003u);
 237              		.loc 1 240 0
 238              		.cfi_startproc
 239              		@ args = 0, pretend = 0, frame = 0
 240              		@ frame_needed = 0, uses_anonymous_args = 0
 241 0000 10B5     		push	{r4, lr}
 242              		.cfi_def_cfa_offset 8
 243              		.cfi_offset 4, -8
 244              		.cfi_offset 14, -4
 241:Generated_Source\PSoC4/cyfitter_cfg.c **** 	CY_SET_XTND_REG32((void CYFAR *)CYREG_CTBM1_CTB_CTRL, 0x80000000u);
 245              		.loc 1 241 0
 246 0002 0322     		movs	r2, #3
 247 0004 0B4B     		ldr	r3, .L11
 248 0006 1A60     		str	r2, [r3]
 242:Generated_Source\PSoC4/cyfitter_cfg.c **** 	CY_SET_XTND_REG32((void CYFAR *)CYREG_CTBM1_DFT_CTRL, 0x00000003u);
 249              		.loc 1 242 0
 250 0008 8023     		movs	r3, #128
 251 000a 1B06     		lsls	r3, r3, #24
 252 000c 0A49     		ldr	r1, .L11+4
 253 000e 0B60     		str	r3, [r1]
 243:Generated_Source\PSoC4/cyfitter_cfg.c **** 	CY_SET_XTND_REG32((void CYFAR *)CYREG_CTBM1_OA1_SW, 0x00240102u);
 254              		.loc 1 243 0
 255 0010 0A49     		ldr	r1, .L11+8
 256 0012 0A60     		str	r2, [r1]
 244:Generated_Source\PSoC4/cyfitter_cfg.c **** 	CY_SET_XTND_REG32((void CYFAR *)CYREG_SAR_CTRL, 0x80000000u);
 257              		.loc 1 244 0
 258 0014 0A49     		ldr	r1, .L11+12
 259 0016 0B4A     		ldr	r2, .L11+16
 260 0018 1160     		str	r1, [r2]
 245:Generated_Source\PSoC4/cyfitter_cfg.c **** 	CY_SET_XTND_REG32((void CYFAR *)CYREG_SAR_MUX_SWITCH0, 0x00400000u);
 261              		.loc 1 245 0
 262 001a 0B4A     		ldr	r2, .L11+20
 263 001c 1360     		str	r3, [r2]
 246:Generated_Source\PSoC4/cyfitter_cfg.c **** 	CY_SET_XTND_REG32((void CYFAR *)CYREG_PASS_DSAB_DSAB_CTRL, 0x00000000u);
 264              		.loc 1 246 0
 265 001e 8022     		movs	r2, #128
 266 0020 D203     		lsls	r2, r2, #15
 267 0022 0A4B     		ldr	r3, .L11+24
 268 0024 1A60     		str	r2, [r3]
 247:Generated_Source\PSoC4/cyfitter_cfg.c **** 	SetAnalogRoutingPumps(1);
 269              		.loc 1 247 0
 270 0026 0022     		movs	r2, #0
 271 0028 094B     		ldr	r3, .L11+28
 272 002a 1A60     		str	r2, [r3]
 248:Generated_Source\PSoC4/cyfitter_cfg.c **** }
 273              		.loc 1 248 0
 274 002c 0120     		movs	r0, #1
 275 002e FFF7FEFF 		bl	SetAnalogRoutingPumps
 276              	.LVL16:
 249:Generated_Source\PSoC4/cyfitter_cfg.c **** 
 277              		.loc 1 249 0
 278              		@ sp needed
 279 0032 10BD     		pop	{r4, pc}
 280              	.L12:
ARM GAS  C:\Users\lluveras\AppData\Local\Temp\ccyRRzzA.s 			page 11


 281              		.align	2
 282              	.L11:
 283 0034 30003040 		.word	1076887600
 284 0038 00003140 		.word	1076953088
 285 003c 30003140 		.word	1076953136
 286 0040 02012400 		.word	2359554
 287 0044 88003140 		.word	1076953224
 288 0048 00003A40 		.word	1077542912
 289 004c 00033A40 		.word	1077543680
 290 0050 000E3F40 		.word	1077874176
 291              		.cfi_endproc
 292              	.LFE6:
 293              		.size	AnalogSetDefault, .-AnalogSetDefault
 294              		.section	.psocinit
 295              		.align	2
 296              		.global	cyfitter_cfg
 297              		.code	16
 298              		.thumb_func
 299              		.type	cyfitter_cfg, %function
 300              	cyfitter_cfg:
 301              	.LFB8:
 281:Generated_Source\PSoC4/cyfitter_cfg.c **** 
 282:Generated_Source\PSoC4/cyfitter_cfg.c **** 
 283:Generated_Source\PSoC4/cyfitter_cfg.c **** 
 284:Generated_Source\PSoC4/cyfitter_cfg.c **** 
 285:Generated_Source\PSoC4/cyfitter_cfg.c **** /*******************************************************************************
 286:Generated_Source\PSoC4/cyfitter_cfg.c **** * Function Name: cyfitter_cfg
 287:Generated_Source\PSoC4/cyfitter_cfg.c **** ********************************************************************************
 288:Generated_Source\PSoC4/cyfitter_cfg.c **** * Summary:
 289:Generated_Source\PSoC4/cyfitter_cfg.c **** *  This function is called by the start-up code for the selected device. It
 290:Generated_Source\PSoC4/cyfitter_cfg.c **** *  performs all of the necessary device configuration based on the design
 291:Generated_Source\PSoC4/cyfitter_cfg.c **** *  settings.  This includes settings from the Design Wide Resources (DWR) such
 292:Generated_Source\PSoC4/cyfitter_cfg.c **** *  as Clocks and Pins as well as any component configuration that is necessary.
 293:Generated_Source\PSoC4/cyfitter_cfg.c **** *
 294:Generated_Source\PSoC4/cyfitter_cfg.c **** * Parameters:
 295:Generated_Source\PSoC4/cyfitter_cfg.c **** *   void
 296:Generated_Source\PSoC4/cyfitter_cfg.c **** *
 297:Generated_Source\PSoC4/cyfitter_cfg.c **** * Return:
 298:Generated_Source\PSoC4/cyfitter_cfg.c **** *   void
 299:Generated_Source\PSoC4/cyfitter_cfg.c **** *
 300:Generated_Source\PSoC4/cyfitter_cfg.c **** *******************************************************************************/
 301:Generated_Source\PSoC4/cyfitter_cfg.c **** CY_CFG_SECTION
 302:Generated_Source\PSoC4/cyfitter_cfg.c **** void cyfitter_cfg(void)
 303:Generated_Source\PSoC4/cyfitter_cfg.c **** {
 302              		.loc 1 303 0
 303              		.cfi_startproc
 304              		@ args = 0, pretend = 0, frame = 0
 305              		@ frame_needed = 0, uses_anonymous_args = 0
 306 00d8 10B5     		push	{r4, lr}
 307              		.cfi_def_cfa_offset 8
 308              		.cfi_offset 4, -8
 309              		.cfi_offset 14, -4
 304:Generated_Source\PSoC4/cyfitter_cfg.c **** 	/* Disable interrupts by default. Let user enable if/when they want. */
 305:Generated_Source\PSoC4/cyfitter_cfg.c **** 	CyGlobalIntDisable;
 310              		.loc 1 305 0
 311              		.syntax divided
 312              	@ 305 "Generated_Source\PSoC4\cyfitter_cfg.c" 1
ARM GAS  C:\Users\lluveras\AppData\Local\Temp\ccyRRzzA.s 			page 12


 313 00da 72B6     		CPSID   i
 314              	@ 0 "" 2
 306:Generated_Source\PSoC4/cyfitter_cfg.c **** 
 307:Generated_Source\PSoC4/cyfitter_cfg.c **** 	CY_SET_REG32((void *)(CYREG_BLE_BLESS_LL_DSM_CTRL), 0x00000000u);
 315              		.loc 1 307 0
 316              		.thumb
 317              		.syntax unified
 318 00dc 0022     		movs	r2, #0
 319 00de 1A4B     		ldr	r3, .L16
 320 00e0 1A60     		str	r2, [r3]
 321              	.LVL17:
 322              	.LBB2:
 308:Generated_Source\PSoC4/cyfitter_cfg.c **** 
 309:Generated_Source\PSoC4/cyfitter_cfg.c **** 	{
 310:Generated_Source\PSoC4/cyfitter_cfg.c **** 
 311:Generated_Source\PSoC4/cyfitter_cfg.c **** 		CYPACKED typedef struct {
 312:Generated_Source\PSoC4/cyfitter_cfg.c **** 			void CYFAR *address;
 313:Generated_Source\PSoC4/cyfitter_cfg.c **** 			uint16 size;
 314:Generated_Source\PSoC4/cyfitter_cfg.c **** 		} CYPACKED_ATTR cfg_memset_t;
 315:Generated_Source\PSoC4/cyfitter_cfg.c **** 
 316:Generated_Source\PSoC4/cyfitter_cfg.c **** 		static const cfg_memset_t CYCODE cfg_memset_list[] = {
 317:Generated_Source\PSoC4/cyfitter_cfg.c **** 			/* address, size */
 318:Generated_Source\PSoC4/cyfitter_cfg.c **** 			{(void CYFAR *)(CYDEV_UDB_P0_U0_BASE), 1024u},
 319:Generated_Source\PSoC4/cyfitter_cfg.c **** 			{(void CYFAR *)(CYDEV_UDB_DSI0_BASE), 1024u},
 320:Generated_Source\PSoC4/cyfitter_cfg.c **** 		};
 321:Generated_Source\PSoC4/cyfitter_cfg.c **** 
 322:Generated_Source\PSoC4/cyfitter_cfg.c **** 		uint8 CYDATA i;
 323:Generated_Source\PSoC4/cyfitter_cfg.c **** 
 324:Generated_Source\PSoC4/cyfitter_cfg.c **** 		/* Zero out critical memory blocks before beginning configuration */
 325:Generated_Source\PSoC4/cyfitter_cfg.c **** 		for (i = 0u; i < (sizeof(cfg_memset_list)/sizeof(cfg_memset_list[0])); i++)
 323              		.loc 1 325 0
 324 00e2 0024     		movs	r4, #0
 325 00e4 0FE0     		b	.L14
 326              	.LVL18:
 327              	.L15:
 328              	.LBB3:
 326:Generated_Source\PSoC4/cyfitter_cfg.c **** 		{
 327:Generated_Source\PSoC4/cyfitter_cfg.c **** 			const cfg_memset_t CYCODE * CYDATA ms = &cfg_memset_list[i];
 328:Generated_Source\PSoC4/cyfitter_cfg.c **** 			CYMEMZERO(ms->address, (size_t)(uint32)(ms->size));
 329              		.loc 1 328 0 discriminator 3
 330 00e6 1948     		ldr	r0, .L16+4
 331 00e8 6200     		lsls	r2, r4, #1
 332 00ea 1319     		adds	r3, r2, r4
 333 00ec 5900     		lsls	r1, r3, #1
 334 00ee 0B00     		movs	r3, r1
 335 00f0 4118     		adds	r1, r0, r1
 336 00f2 8988     		ldrh	r1, [r1, #4]
 337 00f4 1A5A     		ldrh	r2, [r3, r0]
 338 00f6 C318     		adds	r3, r0, r3
 339 00f8 5888     		ldrh	r0, [r3, #2]
 340 00fa 0004     		lsls	r0, r0, #16
 341 00fc 1043     		orrs	r0, r2
 342 00fe FFF7FEFF 		bl	CYMEMZERO
 343              	.LVL19:
 344              	.LBE3:
 325:Generated_Source\PSoC4/cyfitter_cfg.c **** 		{
 345              		.loc 1 325 0 discriminator 3
ARM GAS  C:\Users\lluveras\AppData\Local\Temp\ccyRRzzA.s 			page 13


 346 0102 0134     		adds	r4, r4, #1
 347              	.LVL20:
 348 0104 E4B2     		uxtb	r4, r4
 349              	.LVL21:
 350              	.L14:
 325:Generated_Source\PSoC4/cyfitter_cfg.c **** 		{
 351              		.loc 1 325 0 is_stmt 0 discriminator 1
 352 0106 012C     		cmp	r4, #1
 353 0108 EDD9     		bls	.L15
 329:Generated_Source\PSoC4/cyfitter_cfg.c **** 		}
 330:Generated_Source\PSoC4/cyfitter_cfg.c **** 
 331:Generated_Source\PSoC4/cyfitter_cfg.c **** 		/* HSIOM Starting address: CYDEV_HSIOM_BASE */
 332:Generated_Source\PSoC4/cyfitter_cfg.c **** 		CY_SET_REG32((void *)(CYDEV_HSIOM_BASE), 0xEE000000u);
 354              		.loc 1 332 0 is_stmt 1
 355 010a EE22     		movs	r2, #238
 356 010c 1206     		lsls	r2, r2, #24
 357 010e 104B     		ldr	r3, .L16+8
 358 0110 1A60     		str	r2, [r3]
 333:Generated_Source\PSoC4/cyfitter_cfg.c **** 
 334:Generated_Source\PSoC4/cyfitter_cfg.c **** 		/* UDB_PA_0 Starting address: CYDEV_UDB_PA0_BASE */
 335:Generated_Source\PSoC4/cyfitter_cfg.c **** 		CY_SET_REG32((void *)(CYDEV_UDB_PA0_BASE), 0x00990000u);
 359              		.loc 1 335 0
 360 0112 9923     		movs	r3, #153
 361 0114 1B04     		lsls	r3, r3, #16
 362 0116 0F4A     		ldr	r2, .L16+12
 363 0118 1360     		str	r3, [r2]
 336:Generated_Source\PSoC4/cyfitter_cfg.c **** 
 337:Generated_Source\PSoC4/cyfitter_cfg.c **** 		/* UDB_PA_1 Starting address: CYDEV_UDB_PA1_BASE */
 338:Generated_Source\PSoC4/cyfitter_cfg.c **** 		CY_SET_REG32((void *)(CYDEV_UDB_PA1_BASE), 0x00990000u);
 364              		.loc 1 338 0
 365 011a 0F4A     		ldr	r2, .L16+16
 366 011c 1360     		str	r3, [r2]
 339:Generated_Source\PSoC4/cyfitter_cfg.c **** 
 340:Generated_Source\PSoC4/cyfitter_cfg.c **** 		/* Enable digital routing */
 341:Generated_Source\PSoC4/cyfitter_cfg.c **** 		CY_SET_XTND_REG8((void *)CYREG_UDB_UDBIF_BANK_CTL, (uint8)(CY_GET_XTND_REG8((void *)CYREG_UDB_UDB
 367              		.loc 1 341 0
 368 011e 0F4A     		ldr	r2, .L16+20
 369 0120 1178     		ldrb	r1, [r2]
 370 0122 0623     		movs	r3, #6
 371 0124 0B43     		orrs	r3, r1
 372 0126 DBB2     		uxtb	r3, r3
 373 0128 1370     		strb	r3, [r2]
 374              	.LBE2:
 342:Generated_Source\PSoC4/cyfitter_cfg.c **** 	}
 343:Generated_Source\PSoC4/cyfitter_cfg.c **** 
 344:Generated_Source\PSoC4/cyfitter_cfg.c **** 	/* Perform second pass device configuration. These items must be configured in specific order afte
 345:Generated_Source\PSoC4/cyfitter_cfg.c **** 	/* IOPINS0_0 Starting address: CYDEV_GPIO_PRT0_BASE */
 346:Generated_Source\PSoC4/cyfitter_cfg.c **** 	CY_SET_REG32((void *)(CYREG_GPIO_PRT0_PC), 0x00D80000u);
 375              		.loc 1 346 0
 376 012a D822     		movs	r2, #216
 377 012c 1204     		lsls	r2, r2, #16
 378 012e 0C4B     		ldr	r3, .L16+24
 379 0130 1A60     		str	r2, [r3]
 347:Generated_Source\PSoC4/cyfitter_cfg.c **** 
 348:Generated_Source\PSoC4/cyfitter_cfg.c **** 	/* IOPINS0_1 Starting address: CYDEV_GPIO_PRT1_BASE */
 349:Generated_Source\PSoC4/cyfitter_cfg.c **** 	CY_SET_REG32((void *)(CYDEV_GPIO_PRT1_BASE), 0x00000038u);
 380              		.loc 1 349 0
ARM GAS  C:\Users\lluveras\AppData\Local\Temp\ccyRRzzA.s 			page 14


 381 0132 3823     		movs	r3, #56
 382 0134 0B4A     		ldr	r2, .L16+28
 383 0136 1360     		str	r3, [r2]
 350:Generated_Source\PSoC4/cyfitter_cfg.c **** 	CY_SET_REG32((void *)(CYREG_GPIO_PRT1_PC2), 0x00000038u);
 384              		.loc 1 350 0
 385 0138 0B4A     		ldr	r2, .L16+32
 386 013a 1360     		str	r3, [r2]
 351:Generated_Source\PSoC4/cyfitter_cfg.c **** 
 352:Generated_Source\PSoC4/cyfitter_cfg.c **** 
 353:Generated_Source\PSoC4/cyfitter_cfg.c **** 	/* Setup clocks based on selections from Clock DWR */
 354:Generated_Source\PSoC4/cyfitter_cfg.c **** 	ClockSetup();
 387              		.loc 1 354 0
 388 013c FFF760FF 		bl	ClockSetup
 389              	.LVL22:
 355:Generated_Source\PSoC4/cyfitter_cfg.c **** 
 356:Generated_Source\PSoC4/cyfitter_cfg.c **** 	/* Perform basic analog initialization to defaults */
 357:Generated_Source\PSoC4/cyfitter_cfg.c **** 	AnalogSetDefault();
 390              		.loc 1 357 0
 391 0140 FFF7FEFF 		bl	AnalogSetDefault
 392              	.LVL23:
 358:Generated_Source\PSoC4/cyfitter_cfg.c **** 
 359:Generated_Source\PSoC4/cyfitter_cfg.c **** }
 393              		.loc 1 359 0
 394              		@ sp needed
 395              	.LVL24:
 396 0144 10BD     		pop	{r4, pc}
 397              	.L17:
 398 0146 C046     		.align	2
 399              	.L16:
 400 0148 6CF02E40 		.word	1076818028
 401 014c 00000000 		.word	.LANCHOR0
 402 0150 00000240 		.word	1073872896
 403 0154 00500F40 		.word	1074745344
 404 0158 10500F40 		.word	1074745360
 405 015c 00700F40 		.word	1074753536
 406 0160 08000440 		.word	1074003976
 407 0164 00010440 		.word	1074004224
 408 0168 18010440 		.word	1074004248
 409              		.cfi_endproc
 410              	.LFE8:
 411              		.size	cyfitter_cfg, .-cyfitter_cfg
 412              		.section	.rodata
 413              		.align	2
 414              		.set	.LANCHOR0,. + 0
 415              		.type	cfg_memset_list.4899, %object
 416              		.size	cfg_memset_list.4899, 12
 417              	cfg_memset_list.4899:
 418 0000 00300F40 		.word	1074737152
 419 0004 0004     		.short	1024
 420 0006 00400F40 		.4byte	1074741248
 421 000a 0004     		.short	1024
 422              		.text
 423              	.Letext0:
 424              		.file 2 "c:\\program files (x86)\\cypress\\psoc creator\\4.4\\psoc creator\\import\\gnu\\arm\\5.4.
 425              		.file 3 "Generated_Source\\PSoC4\\cytypes.h"
 426              		.file 4 "Generated_Source\\PSoC4\\CyLFClk.h"
 427              		.file 5 "Generated_Source\\PSoC4\\CyLib.h"
ARM GAS  C:\Users\lluveras\AppData\Local\Temp\ccyRRzzA.s 			page 15


 428              		.section	.debug_info,"",%progbits
 429              	.Ldebug_info0:
 430 0000 72030000 		.4byte	0x372
 431 0004 0400     		.2byte	0x4
 432 0006 00000000 		.4byte	.Ldebug_abbrev0
 433 000a 04       		.byte	0x4
 434 000b 01       		.uleb128 0x1
 435 000c 89010000 		.4byte	.LASF39
 436 0010 0C       		.byte	0xc
 437 0011 A3020000 		.4byte	.LASF40
 438 0015 00000000 		.4byte	.LASF41
 439 0019 00000000 		.4byte	.Ldebug_ranges0+0
 440 001d 00000000 		.4byte	0
 441 0021 00000000 		.4byte	.Ldebug_line0
 442 0025 02       		.uleb128 0x2
 443 0026 04       		.byte	0x4
 444 0027 05       		.byte	0x5
 445 0028 696E7400 		.ascii	"int\000"
 446 002c 03       		.uleb128 0x3
 447 002d 46000000 		.4byte	.LASF12
 448 0031 02       		.byte	0x2
 449 0032 D8       		.byte	0xd8
 450 0033 37000000 		.4byte	0x37
 451 0037 04       		.uleb128 0x4
 452 0038 04       		.byte	0x4
 453 0039 07       		.byte	0x7
 454 003a 50010000 		.4byte	.LASF0
 455 003e 04       		.uleb128 0x4
 456 003f 08       		.byte	0x8
 457 0040 05       		.byte	0x5
 458 0041 2D020000 		.4byte	.LASF1
 459 0045 04       		.uleb128 0x4
 460 0046 08       		.byte	0x8
 461 0047 04       		.byte	0x4
 462 0048 8B020000 		.4byte	.LASF2
 463 004c 04       		.uleb128 0x4
 464 004d 01       		.byte	0x1
 465 004e 06       		.byte	0x6
 466 004f 97020000 		.4byte	.LASF3
 467 0053 04       		.uleb128 0x4
 468 0054 01       		.byte	0x1
 469 0055 08       		.byte	0x8
 470 0056 1A010000 		.4byte	.LASF4
 471 005a 04       		.uleb128 0x4
 472 005b 02       		.byte	0x2
 473 005c 05       		.byte	0x5
 474 005d 63020000 		.4byte	.LASF5
 475 0061 04       		.uleb128 0x4
 476 0062 02       		.byte	0x2
 477 0063 07       		.byte	0x7
 478 0064 88000000 		.4byte	.LASF6
 479 0068 04       		.uleb128 0x4
 480 0069 04       		.byte	0x4
 481 006a 05       		.byte	0x5
 482 006b 82020000 		.4byte	.LASF7
 483 006f 04       		.uleb128 0x4
 484 0070 04       		.byte	0x4
ARM GAS  C:\Users\lluveras\AppData\Local\Temp\ccyRRzzA.s 			page 16


 485 0071 07       		.byte	0x7
 486 0072 D1000000 		.4byte	.LASF8
 487 0076 04       		.uleb128 0x4
 488 0077 08       		.byte	0x8
 489 0078 07       		.byte	0x7
 490 0079 72010000 		.4byte	.LASF9
 491 007d 04       		.uleb128 0x4
 492 007e 04       		.byte	0x4
 493 007f 07       		.byte	0x7
 494 0080 24020000 		.4byte	.LASF10
 495 0084 05       		.uleb128 0x5
 496 0085 04       		.byte	0x4
 497 0086 04       		.uleb128 0x4
 498 0087 01       		.byte	0x1
 499 0088 08       		.byte	0x8
 500 0089 45020000 		.4byte	.LASF11
 501 008d 06       		.uleb128 0x6
 502 008e E3000000 		.4byte	.LASF13
 503 0092 03       		.byte	0x3
 504 0093 FB01     		.2byte	0x1fb
 505 0095 53000000 		.4byte	0x53
 506 0099 06       		.uleb128 0x6
 507 009a 42010000 		.4byte	.LASF14
 508 009e 03       		.byte	0x3
 509 009f FC01     		.2byte	0x1fc
 510 00a1 61000000 		.4byte	0x61
 511 00a5 06       		.uleb128 0x6
 512 00a6 49010000 		.4byte	.LASF15
 513 00aa 03       		.byte	0x3
 514 00ab FD01     		.2byte	0x1fd
 515 00ad 6F000000 		.4byte	0x6f
 516 00b1 04       		.uleb128 0x4
 517 00b2 04       		.byte	0x4
 518 00b3 04       		.byte	0x4
 519 00b4 9B000000 		.4byte	.LASF16
 520 00b8 04       		.uleb128 0x4
 521 00b9 08       		.byte	0x8
 522 00ba 04       		.byte	0x4
 523 00bb 2F010000 		.4byte	.LASF17
 524 00bf 06       		.uleb128 0x6
 525 00c0 BE000000 		.4byte	.LASF18
 526 00c4 03       		.byte	0x3
 527 00c5 A502     		.2byte	0x2a5
 528 00c7 CB000000 		.4byte	0xcb
 529 00cb 07       		.uleb128 0x7
 530 00cc 8D000000 		.4byte	0x8d
 531 00d0 06       		.uleb128 0x6
 532 00d1 40000000 		.4byte	.LASF19
 533 00d5 03       		.byte	0x3
 534 00d6 A702     		.2byte	0x2a7
 535 00d8 DC000000 		.4byte	0xdc
 536 00dc 07       		.uleb128 0x7
 537 00dd A5000000 		.4byte	0xa5
 538 00e1 08       		.uleb128 0x8
 539 00e2 FA000000 		.4byte	.LASF20
 540 00e6 01       		.byte	0x1
 541 00e7 4C       		.byte	0x4c
ARM GAS  C:\Users\lluveras\AppData\Local\Temp\ccyRRzzA.s 			page 17


 542 00e8 00000000 		.4byte	.LFB2
 543 00ec 0C000000 		.4byte	.LFE2-.LFB2
 544 00f0 01       		.uleb128 0x1
 545 00f1 9C       		.byte	0x9c
 546 00f2 2E010000 		.4byte	0x12e
 547 00f6 09       		.uleb128 0x9
 548 00f7 7300     		.ascii	"s\000"
 549 00f9 01       		.byte	0x1
 550 00fa 4C       		.byte	0x4c
 551 00fb 84000000 		.4byte	0x84
 552 00ff 00000000 		.4byte	.LLST0
 553 0103 09       		.uleb128 0x9
 554 0104 6E00     		.ascii	"n\000"
 555 0106 01       		.byte	0x1
 556 0107 4C       		.byte	0x4c
 557 0108 2C000000 		.4byte	0x2c
 558 010c 21000000 		.4byte	.LLST1
 559 0110 0A       		.uleb128 0xa
 560 0111 0A000000 		.4byte	.LVL2
 561 0115 14030000 		.4byte	0x314
 562 0119 0B       		.uleb128 0xb
 563 011a 01       		.uleb128 0x1
 564 011b 50       		.byte	0x50
 565 011c 03       		.uleb128 0x3
 566 011d F3       		.byte	0xf3
 567 011e 01       		.uleb128 0x1
 568 011f 50       		.byte	0x50
 569 0120 0B       		.uleb128 0xb
 570 0121 01       		.uleb128 0x1
 571 0122 51       		.byte	0x51
 572 0123 01       		.uleb128 0x1
 573 0124 30       		.byte	0x30
 574 0125 0B       		.uleb128 0xb
 575 0126 01       		.uleb128 0x1
 576 0127 52       		.byte	0x52
 577 0128 03       		.uleb128 0x3
 578 0129 F3       		.byte	0xf3
 579 012a 01       		.uleb128 0x1
 580 012b 51       		.byte	0x51
 581 012c 00       		.byte	0
 582 012d 00       		.byte	0
 583 012e 08       		.uleb128 0x8
 584 012f 7D000000 		.4byte	.LASF21
 585 0133 01       		.byte	0x1
 586 0134 AA       		.byte	0xaa
 587 0135 00000000 		.4byte	.LFB5
 588 0139 D8000000 		.4byte	.LFE5-.LFB5
 589 013d 01       		.uleb128 0x1
 590 013e 9C       		.byte	0x9c
 591 013f D7010000 		.4byte	0x1d7
 592 0143 0C       		.uleb128 0xc
 593 0144 0C000000 		.4byte	.LVL3
 594 0148 1D030000 		.4byte	0x31d
 595 014c 0D       		.uleb128 0xd
 596 014d 12000000 		.4byte	.LVL4
 597 0151 28030000 		.4byte	0x328
 598 0155 63010000 		.4byte	0x163
ARM GAS  C:\Users\lluveras\AppData\Local\Temp\ccyRRzzA.s 			page 18


 599 0159 0B       		.uleb128 0xb
 600 015a 01       		.uleb128 0x1
 601 015b 50       		.byte	0x50
 602 015c 05       		.uleb128 0x5
 603 015d 0C       		.byte	0xc
 604 015e 001BB700 		.4byte	0xb71b00
 605 0162 00       		.byte	0
 606 0163 0D       		.uleb128 0xd
 607 0164 18000000 		.4byte	.LVL5
 608 0168 33030000 		.4byte	0x333
 609 016c 76010000 		.4byte	0x176
 610 0170 0B       		.uleb128 0xb
 611 0171 01       		.uleb128 0x1
 612 0172 50       		.byte	0x50
 613 0173 01       		.uleb128 0x1
 614 0174 31       		.byte	0x31
 615 0175 00       		.byte	0
 616 0176 0D       		.uleb128 0xd
 617 0177 1E000000 		.4byte	.LVL6
 618 017b 3E030000 		.4byte	0x33e
 619 017f 8A010000 		.4byte	0x18a
 620 0183 0B       		.uleb128 0xb
 621 0184 01       		.uleb128 0x1
 622 0185 50       		.byte	0x50
 623 0186 02       		.uleb128 0x2
 624 0187 08       		.byte	0x8
 625 0188 30       		.byte	0x30
 626 0189 00       		.byte	0
 627 018a 0D       		.uleb128 0xd
 628 018b 54000000 		.4byte	.LVL7
 629 018f 49030000 		.4byte	0x349
 630 0193 9F010000 		.4byte	0x19f
 631 0197 0B       		.uleb128 0xb
 632 0198 01       		.uleb128 0x1
 633 0199 50       		.byte	0x50
 634 019a 03       		.uleb128 0x3
 635 019b 0A       		.byte	0xa
 636 019c D007     		.2byte	0x7d0
 637 019e 00       		.byte	0
 638 019f 0D       		.uleb128 0xd
 639 01a0 5A000000 		.4byte	.LVL8
 640 01a4 54030000 		.4byte	0x354
 641 01a8 B4010000 		.4byte	0x1b4
 642 01ac 0B       		.uleb128 0xb
 643 01ad 01       		.uleb128 0x1
 644 01ae 50       		.byte	0x50
 645 01af 03       		.uleb128 0x3
 646 01b0 0A       		.byte	0xa
 647 01b1 DC05     		.2byte	0x5dc
 648 01b3 00       		.byte	0
 649 01b4 0D       		.uleb128 0xd
 650 01b5 86000000 		.4byte	.LVL9
 651 01b9 5F030000 		.4byte	0x35f
 652 01bd C7010000 		.4byte	0x1c7
 653 01c1 0B       		.uleb128 0xb
 654 01c2 01       		.uleb128 0x1
 655 01c3 50       		.byte	0x50
ARM GAS  C:\Users\lluveras\AppData\Local\Temp\ccyRRzzA.s 			page 19


 656 01c4 01       		.uleb128 0x1
 657 01c5 38       		.byte	0x38
 658 01c6 00       		.byte	0
 659 01c7 0A       		.uleb128 0xa
 660 01c8 8C000000 		.4byte	.LVL10
 661 01cc 6A030000 		.4byte	0x36a
 662 01d0 0B       		.uleb128 0xb
 663 01d1 01       		.uleb128 0x1
 664 01d2 50       		.byte	0x50
 665 01d3 01       		.uleb128 0x1
 666 01d4 38       		.byte	0x38
 667 01d5 00       		.byte	0
 668 01d6 00       		.byte	0
 669 01d7 0E       		.uleb128 0xe
 670 01d8 04010000 		.4byte	.LASF24
 671 01dc 01       		.byte	0x1
 672 01dd 0C01     		.2byte	0x10c
 673 01df 00000000 		.4byte	.LFB7
 674 01e3 20000000 		.4byte	.LFE7-.LFB7
 675 01e7 01       		.uleb128 0x1
 676 01e8 9C       		.byte	0x9c
 677 01e9 0C020000 		.4byte	0x20c
 678 01ed 0F       		.uleb128 0xf
 679 01ee 5B020000 		.4byte	.LASF22
 680 01f2 01       		.byte	0x1
 681 01f3 0C01     		.2byte	0x10c
 682 01f5 8D000000 		.4byte	0x8d
 683 01f9 01       		.uleb128 0x1
 684 01fa 50       		.byte	0x50
 685 01fb 10       		.uleb128 0x10
 686 01fc C9020000 		.4byte	.LASF29
 687 0200 01       		.byte	0x1
 688 0201 0E01     		.2byte	0x10e
 689 0203 A5000000 		.4byte	0xa5
 690 0207 4D000000 		.4byte	.LLST2
 691 020b 00       		.byte	0
 692 020c 08       		.uleb128 0x8
 693 020d 4D000000 		.4byte	.LASF23
 694 0211 01       		.byte	0x1
 695 0212 EF       		.byte	0xef
 696 0213 00000000 		.4byte	.LFB6
 697 0217 54000000 		.4byte	.LFE6-.LFB6
 698 021b 01       		.uleb128 0x1
 699 021c 9C       		.byte	0x9c
 700 021d 31020000 		.4byte	0x231
 701 0221 0A       		.uleb128 0xa
 702 0222 32000000 		.4byte	.LVL16
 703 0226 D7010000 		.4byte	0x1d7
 704 022a 0B       		.uleb128 0xb
 705 022b 01       		.uleb128 0x1
 706 022c 50       		.byte	0x50
 707 022d 01       		.uleb128 0x1
 708 022e 31       		.byte	0x31
 709 022f 00       		.byte	0
 710 0230 00       		.byte	0
 711 0231 0E       		.uleb128 0xe
 712 0232 5D010000 		.4byte	.LASF25
ARM GAS  C:\Users\lluveras\AppData\Local\Temp\ccyRRzzA.s 			page 20


 713 0236 01       		.byte	0x1
 714 0237 2E01     		.2byte	0x12e
 715 0239 D8000000 		.4byte	.LFB8
 716 023d 94000000 		.4byte	.LFE8-.LFB8
 717 0241 01       		.uleb128 0x1
 718 0242 9C       		.byte	0x9c
 719 0243 14030000 		.4byte	0x314
 720 0247 11       		.uleb128 0x11
 721 0248 E2000000 		.4byte	.LBB2
 722 024c 48000000 		.4byte	.LBE2-.LBB2
 723 0250 01030000 		.4byte	0x301
 724 0254 12       		.uleb128 0x12
 725 0255 06       		.byte	0x6
 726 0256 01       		.byte	0x1
 727 0257 3701     		.2byte	0x137
 728 0259 78020000 		.4byte	0x278
 729 025d 13       		.uleb128 0x13
 730 025e 6A010000 		.4byte	.LASF26
 731 0262 01       		.byte	0x1
 732 0263 3801     		.2byte	0x138
 733 0265 84000000 		.4byte	0x84
 734 0269 00       		.byte	0
 735 026a 13       		.uleb128 0x13
 736 026b A1000000 		.4byte	.LASF27
 737 026f 01       		.byte	0x1
 738 0270 3901     		.2byte	0x139
 739 0272 99000000 		.4byte	0x99
 740 0276 04       		.byte	0x4
 741 0277 00       		.byte	0
 742 0278 06       		.uleb128 0x6
 743 0279 17020000 		.4byte	.LASF28
 744 027d 01       		.byte	0x1
 745 027e 3A01     		.2byte	0x13a
 746 0280 54020000 		.4byte	0x254
 747 0284 14       		.uleb128 0x14
 748 0285 94020000 		.4byte	0x294
 749 0289 94020000 		.4byte	0x294
 750 028d 15       		.uleb128 0x15
 751 028e 7D000000 		.4byte	0x7d
 752 0292 01       		.byte	0x1
 753 0293 00       		.byte	0
 754 0294 16       		.uleb128 0x16
 755 0295 78020000 		.4byte	0x278
 756 0299 17       		.uleb128 0x17
 757 029a 6D000000 		.4byte	.LASF30
 758 029e 01       		.byte	0x1
 759 029f 3C01     		.2byte	0x13c
 760 02a1 AB020000 		.4byte	0x2ab
 761 02a5 05       		.uleb128 0x5
 762 02a6 03       		.byte	0x3
 763 02a7 00000000 		.4byte	cfg_memset_list.4899
 764 02ab 16       		.uleb128 0x16
 765 02ac 84020000 		.4byte	0x284
 766 02b0 18       		.uleb128 0x18
 767 02b1 6900     		.ascii	"i\000"
 768 02b3 01       		.byte	0x1
 769 02b4 4201     		.2byte	0x142
ARM GAS  C:\Users\lluveras\AppData\Local\Temp\ccyRRzzA.s 			page 21


 770 02b6 8D000000 		.4byte	0x8d
 771 02ba 6B000000 		.4byte	.LLST3
 772 02be 19       		.uleb128 0x19
 773 02bf E6000000 		.4byte	.LBB3
 774 02c3 1C000000 		.4byte	.LBE3-.LBB3
 775 02c7 18       		.uleb128 0x18
 776 02c8 6D7300   		.ascii	"ms\000"
 777 02cb 01       		.byte	0x1
 778 02cc 4701     		.2byte	0x147
 779 02ce D6020000 		.4byte	0x2d6
 780 02d2 95000000 		.4byte	.LLST4
 781 02d6 1A       		.uleb128 0x1a
 782 02d7 04       		.byte	0x4
 783 02d8 94020000 		.4byte	0x294
 784 02dc 0A       		.uleb128 0xa
 785 02dd 02010000 		.4byte	.LVL19
 786 02e1 E1000000 		.4byte	0xe1
 787 02e5 0B       		.uleb128 0xb
 788 02e6 01       		.uleb128 0x1
 789 02e7 51       		.byte	0x51
 790 02e8 15       		.uleb128 0x15
 791 02e9 74       		.byte	0x74
 792 02ea 00       		.sleb128 0
 793 02eb 31       		.byte	0x31
 794 02ec 24       		.byte	0x24
 795 02ed 74       		.byte	0x74
 796 02ee 00       		.sleb128 0
 797 02ef 22       		.byte	0x22
 798 02f0 31       		.byte	0x31
 799 02f1 24       		.byte	0x24
 800 02f2 03       		.byte	0x3
 801 02f3 04000000 		.4byte	.LANCHOR0+4
 802 02f7 22       		.byte	0x22
 803 02f8 94       		.byte	0x94
 804 02f9 02       		.byte	0x2
 805 02fa 0A       		.byte	0xa
 806 02fb FFFF     		.2byte	0xffff
 807 02fd 1A       		.byte	0x1a
 808 02fe 00       		.byte	0
 809 02ff 00       		.byte	0
 810 0300 00       		.byte	0
 811 0301 0C       		.uleb128 0xc
 812 0302 40010000 		.4byte	.LVL22
 813 0306 2E010000 		.4byte	0x12e
 814 030a 0C       		.uleb128 0xc
 815 030b 44010000 		.4byte	.LVL23
 816 030f 0C020000 		.4byte	0x20c
 817 0313 00       		.byte	0
 818 0314 1B       		.uleb128 0x1b
 819 0315 28010000 		.4byte	.LASF42
 820 0319 28010000 		.4byte	.LASF42
 821 031d 1C       		.uleb128 0x1c
 822 031e E9000000 		.4byte	.LASF31
 823 0322 E9000000 		.4byte	.LASF31
 824 0326 04       		.byte	0x4
 825 0327 4E       		.byte	0x4e
 826 0328 1C       		.uleb128 0x1c
ARM GAS  C:\Users\lluveras\AppData\Local\Temp\ccyRRzzA.s 			page 22


 827 0329 C3000000 		.4byte	.LASF32
 828 032d C3000000 		.4byte	.LASF32
 829 0331 05       		.byte	0x5
 830 0332 EF       		.byte	0xef
 831 0333 1C       		.uleb128 0x1c
 832 0334 A6000000 		.4byte	.LASF33
 833 0338 A6000000 		.4byte	.LASF33
 834 033c 04       		.byte	0x4
 835 033d 50       		.byte	0x50
 836 033e 1C       		.uleb128 0x1c
 837 033f 6D020000 		.4byte	.LASF34
 838 0343 6D020000 		.4byte	.LASF34
 839 0347 05       		.byte	0x5
 840 0348 6C       		.byte	0x6c
 841 0349 1C       		.uleb128 0x1c
 842 034a 4A020000 		.4byte	.LASF35
 843 034e 4A020000 		.4byte	.LASF35
 844 0352 05       		.byte	0x5
 845 0353 84       		.byte	0x84
 846 0354 1C       		.uleb128 0x1c
 847 0355 3B020000 		.4byte	.LASF36
 848 0359 3B020000 		.4byte	.LASF36
 849 035d 05       		.byte	0x5
 850 035e ED       		.byte	0xed
 851 035f 1C       		.uleb128 0x1c
 852 0360 5E000000 		.4byte	.LASF37
 853 0364 5E000000 		.4byte	.LASF37
 854 0368 05       		.byte	0x5
 855 0369 D0       		.byte	0xd0
 856 036a 1C       		.uleb128 0x1c
 857 036b 36010000 		.4byte	.LASF38
 858 036f 36010000 		.4byte	.LASF38
 859 0373 05       		.byte	0x5
 860 0374 D6       		.byte	0xd6
 861 0375 00       		.byte	0
 862              		.section	.debug_abbrev,"",%progbits
 863              	.Ldebug_abbrev0:
 864 0000 01       		.uleb128 0x1
 865 0001 11       		.uleb128 0x11
 866 0002 01       		.byte	0x1
 867 0003 25       		.uleb128 0x25
 868 0004 0E       		.uleb128 0xe
 869 0005 13       		.uleb128 0x13
 870 0006 0B       		.uleb128 0xb
 871 0007 03       		.uleb128 0x3
 872 0008 0E       		.uleb128 0xe
 873 0009 1B       		.uleb128 0x1b
 874 000a 0E       		.uleb128 0xe
 875 000b 55       		.uleb128 0x55
 876 000c 17       		.uleb128 0x17
 877 000d 11       		.uleb128 0x11
 878 000e 01       		.uleb128 0x1
 879 000f 10       		.uleb128 0x10
 880 0010 17       		.uleb128 0x17
 881 0011 00       		.byte	0
 882 0012 00       		.byte	0
 883 0013 02       		.uleb128 0x2
ARM GAS  C:\Users\lluveras\AppData\Local\Temp\ccyRRzzA.s 			page 23


 884 0014 24       		.uleb128 0x24
 885 0015 00       		.byte	0
 886 0016 0B       		.uleb128 0xb
 887 0017 0B       		.uleb128 0xb
 888 0018 3E       		.uleb128 0x3e
 889 0019 0B       		.uleb128 0xb
 890 001a 03       		.uleb128 0x3
 891 001b 08       		.uleb128 0x8
 892 001c 00       		.byte	0
 893 001d 00       		.byte	0
 894 001e 03       		.uleb128 0x3
 895 001f 16       		.uleb128 0x16
 896 0020 00       		.byte	0
 897 0021 03       		.uleb128 0x3
 898 0022 0E       		.uleb128 0xe
 899 0023 3A       		.uleb128 0x3a
 900 0024 0B       		.uleb128 0xb
 901 0025 3B       		.uleb128 0x3b
 902 0026 0B       		.uleb128 0xb
 903 0027 49       		.uleb128 0x49
 904 0028 13       		.uleb128 0x13
 905 0029 00       		.byte	0
 906 002a 00       		.byte	0
 907 002b 04       		.uleb128 0x4
 908 002c 24       		.uleb128 0x24
 909 002d 00       		.byte	0
 910 002e 0B       		.uleb128 0xb
 911 002f 0B       		.uleb128 0xb
 912 0030 3E       		.uleb128 0x3e
 913 0031 0B       		.uleb128 0xb
 914 0032 03       		.uleb128 0x3
 915 0033 0E       		.uleb128 0xe
 916 0034 00       		.byte	0
 917 0035 00       		.byte	0
 918 0036 05       		.uleb128 0x5
 919 0037 0F       		.uleb128 0xf
 920 0038 00       		.byte	0
 921 0039 0B       		.uleb128 0xb
 922 003a 0B       		.uleb128 0xb
 923 003b 00       		.byte	0
 924 003c 00       		.byte	0
 925 003d 06       		.uleb128 0x6
 926 003e 16       		.uleb128 0x16
 927 003f 00       		.byte	0
 928 0040 03       		.uleb128 0x3
 929 0041 0E       		.uleb128 0xe
 930 0042 3A       		.uleb128 0x3a
 931 0043 0B       		.uleb128 0xb
 932 0044 3B       		.uleb128 0x3b
 933 0045 05       		.uleb128 0x5
 934 0046 49       		.uleb128 0x49
 935 0047 13       		.uleb128 0x13
 936 0048 00       		.byte	0
 937 0049 00       		.byte	0
 938 004a 07       		.uleb128 0x7
 939 004b 35       		.uleb128 0x35
 940 004c 00       		.byte	0
ARM GAS  C:\Users\lluveras\AppData\Local\Temp\ccyRRzzA.s 			page 24


 941 004d 49       		.uleb128 0x49
 942 004e 13       		.uleb128 0x13
 943 004f 00       		.byte	0
 944 0050 00       		.byte	0
 945 0051 08       		.uleb128 0x8
 946 0052 2E       		.uleb128 0x2e
 947 0053 01       		.byte	0x1
 948 0054 03       		.uleb128 0x3
 949 0055 0E       		.uleb128 0xe
 950 0056 3A       		.uleb128 0x3a
 951 0057 0B       		.uleb128 0xb
 952 0058 3B       		.uleb128 0x3b
 953 0059 0B       		.uleb128 0xb
 954 005a 27       		.uleb128 0x27
 955 005b 19       		.uleb128 0x19
 956 005c 11       		.uleb128 0x11
 957 005d 01       		.uleb128 0x1
 958 005e 12       		.uleb128 0x12
 959 005f 06       		.uleb128 0x6
 960 0060 40       		.uleb128 0x40
 961 0061 18       		.uleb128 0x18
 962 0062 9742     		.uleb128 0x2117
 963 0064 19       		.uleb128 0x19
 964 0065 01       		.uleb128 0x1
 965 0066 13       		.uleb128 0x13
 966 0067 00       		.byte	0
 967 0068 00       		.byte	0
 968 0069 09       		.uleb128 0x9
 969 006a 05       		.uleb128 0x5
 970 006b 00       		.byte	0
 971 006c 03       		.uleb128 0x3
 972 006d 08       		.uleb128 0x8
 973 006e 3A       		.uleb128 0x3a
 974 006f 0B       		.uleb128 0xb
 975 0070 3B       		.uleb128 0x3b
 976 0071 0B       		.uleb128 0xb
 977 0072 49       		.uleb128 0x49
 978 0073 13       		.uleb128 0x13
 979 0074 02       		.uleb128 0x2
 980 0075 17       		.uleb128 0x17
 981 0076 00       		.byte	0
 982 0077 00       		.byte	0
 983 0078 0A       		.uleb128 0xa
 984 0079 898201   		.uleb128 0x4109
 985 007c 01       		.byte	0x1
 986 007d 11       		.uleb128 0x11
 987 007e 01       		.uleb128 0x1
 988 007f 31       		.uleb128 0x31
 989 0080 13       		.uleb128 0x13
 990 0081 00       		.byte	0
 991 0082 00       		.byte	0
 992 0083 0B       		.uleb128 0xb
 993 0084 8A8201   		.uleb128 0x410a
 994 0087 00       		.byte	0
 995 0088 02       		.uleb128 0x2
 996 0089 18       		.uleb128 0x18
 997 008a 9142     		.uleb128 0x2111
ARM GAS  C:\Users\lluveras\AppData\Local\Temp\ccyRRzzA.s 			page 25


 998 008c 18       		.uleb128 0x18
 999 008d 00       		.byte	0
 1000 008e 00       		.byte	0
 1001 008f 0C       		.uleb128 0xc
 1002 0090 898201   		.uleb128 0x4109
 1003 0093 00       		.byte	0
 1004 0094 11       		.uleb128 0x11
 1005 0095 01       		.uleb128 0x1
 1006 0096 31       		.uleb128 0x31
 1007 0097 13       		.uleb128 0x13
 1008 0098 00       		.byte	0
 1009 0099 00       		.byte	0
 1010 009a 0D       		.uleb128 0xd
 1011 009b 898201   		.uleb128 0x4109
 1012 009e 01       		.byte	0x1
 1013 009f 11       		.uleb128 0x11
 1014 00a0 01       		.uleb128 0x1
 1015 00a1 31       		.uleb128 0x31
 1016 00a2 13       		.uleb128 0x13
 1017 00a3 01       		.uleb128 0x1
 1018 00a4 13       		.uleb128 0x13
 1019 00a5 00       		.byte	0
 1020 00a6 00       		.byte	0
 1021 00a7 0E       		.uleb128 0xe
 1022 00a8 2E       		.uleb128 0x2e
 1023 00a9 01       		.byte	0x1
 1024 00aa 3F       		.uleb128 0x3f
 1025 00ab 19       		.uleb128 0x19
 1026 00ac 03       		.uleb128 0x3
 1027 00ad 0E       		.uleb128 0xe
 1028 00ae 3A       		.uleb128 0x3a
 1029 00af 0B       		.uleb128 0xb
 1030 00b0 3B       		.uleb128 0x3b
 1031 00b1 05       		.uleb128 0x5
 1032 00b2 27       		.uleb128 0x27
 1033 00b3 19       		.uleb128 0x19
 1034 00b4 11       		.uleb128 0x11
 1035 00b5 01       		.uleb128 0x1
 1036 00b6 12       		.uleb128 0x12
 1037 00b7 06       		.uleb128 0x6
 1038 00b8 40       		.uleb128 0x40
 1039 00b9 18       		.uleb128 0x18
 1040 00ba 9742     		.uleb128 0x2117
 1041 00bc 19       		.uleb128 0x19
 1042 00bd 01       		.uleb128 0x1
 1043 00be 13       		.uleb128 0x13
 1044 00bf 00       		.byte	0
 1045 00c0 00       		.byte	0
 1046 00c1 0F       		.uleb128 0xf
 1047 00c2 05       		.uleb128 0x5
 1048 00c3 00       		.byte	0
 1049 00c4 03       		.uleb128 0x3
 1050 00c5 0E       		.uleb128 0xe
 1051 00c6 3A       		.uleb128 0x3a
 1052 00c7 0B       		.uleb128 0xb
 1053 00c8 3B       		.uleb128 0x3b
 1054 00c9 05       		.uleb128 0x5
ARM GAS  C:\Users\lluveras\AppData\Local\Temp\ccyRRzzA.s 			page 26


 1055 00ca 49       		.uleb128 0x49
 1056 00cb 13       		.uleb128 0x13
 1057 00cc 02       		.uleb128 0x2
 1058 00cd 18       		.uleb128 0x18
 1059 00ce 00       		.byte	0
 1060 00cf 00       		.byte	0
 1061 00d0 10       		.uleb128 0x10
 1062 00d1 34       		.uleb128 0x34
 1063 00d2 00       		.byte	0
 1064 00d3 03       		.uleb128 0x3
 1065 00d4 0E       		.uleb128 0xe
 1066 00d5 3A       		.uleb128 0x3a
 1067 00d6 0B       		.uleb128 0xb
 1068 00d7 3B       		.uleb128 0x3b
 1069 00d8 05       		.uleb128 0x5
 1070 00d9 49       		.uleb128 0x49
 1071 00da 13       		.uleb128 0x13
 1072 00db 02       		.uleb128 0x2
 1073 00dc 17       		.uleb128 0x17
 1074 00dd 00       		.byte	0
 1075 00de 00       		.byte	0
 1076 00df 11       		.uleb128 0x11
 1077 00e0 0B       		.uleb128 0xb
 1078 00e1 01       		.byte	0x1
 1079 00e2 11       		.uleb128 0x11
 1080 00e3 01       		.uleb128 0x1
 1081 00e4 12       		.uleb128 0x12
 1082 00e5 06       		.uleb128 0x6
 1083 00e6 01       		.uleb128 0x1
 1084 00e7 13       		.uleb128 0x13
 1085 00e8 00       		.byte	0
 1086 00e9 00       		.byte	0
 1087 00ea 12       		.uleb128 0x12
 1088 00eb 13       		.uleb128 0x13
 1089 00ec 01       		.byte	0x1
 1090 00ed 0B       		.uleb128 0xb
 1091 00ee 0B       		.uleb128 0xb
 1092 00ef 3A       		.uleb128 0x3a
 1093 00f0 0B       		.uleb128 0xb
 1094 00f1 3B       		.uleb128 0x3b
 1095 00f2 05       		.uleb128 0x5
 1096 00f3 01       		.uleb128 0x1
 1097 00f4 13       		.uleb128 0x13
 1098 00f5 00       		.byte	0
 1099 00f6 00       		.byte	0
 1100 00f7 13       		.uleb128 0x13
 1101 00f8 0D       		.uleb128 0xd
 1102 00f9 00       		.byte	0
 1103 00fa 03       		.uleb128 0x3
 1104 00fb 0E       		.uleb128 0xe
 1105 00fc 3A       		.uleb128 0x3a
 1106 00fd 0B       		.uleb128 0xb
 1107 00fe 3B       		.uleb128 0x3b
 1108 00ff 05       		.uleb128 0x5
 1109 0100 49       		.uleb128 0x49
 1110 0101 13       		.uleb128 0x13
 1111 0102 38       		.uleb128 0x38
ARM GAS  C:\Users\lluveras\AppData\Local\Temp\ccyRRzzA.s 			page 27


 1112 0103 0B       		.uleb128 0xb
 1113 0104 00       		.byte	0
 1114 0105 00       		.byte	0
 1115 0106 14       		.uleb128 0x14
 1116 0107 01       		.uleb128 0x1
 1117 0108 01       		.byte	0x1
 1118 0109 49       		.uleb128 0x49
 1119 010a 13       		.uleb128 0x13
 1120 010b 01       		.uleb128 0x1
 1121 010c 13       		.uleb128 0x13
 1122 010d 00       		.byte	0
 1123 010e 00       		.byte	0
 1124 010f 15       		.uleb128 0x15
 1125 0110 21       		.uleb128 0x21
 1126 0111 00       		.byte	0
 1127 0112 49       		.uleb128 0x49
 1128 0113 13       		.uleb128 0x13
 1129 0114 2F       		.uleb128 0x2f
 1130 0115 0B       		.uleb128 0xb
 1131 0116 00       		.byte	0
 1132 0117 00       		.byte	0
 1133 0118 16       		.uleb128 0x16
 1134 0119 26       		.uleb128 0x26
 1135 011a 00       		.byte	0
 1136 011b 49       		.uleb128 0x49
 1137 011c 13       		.uleb128 0x13
 1138 011d 00       		.byte	0
 1139 011e 00       		.byte	0
 1140 011f 17       		.uleb128 0x17
 1141 0120 34       		.uleb128 0x34
 1142 0121 00       		.byte	0
 1143 0122 03       		.uleb128 0x3
 1144 0123 0E       		.uleb128 0xe
 1145 0124 3A       		.uleb128 0x3a
 1146 0125 0B       		.uleb128 0xb
 1147 0126 3B       		.uleb128 0x3b
 1148 0127 05       		.uleb128 0x5
 1149 0128 49       		.uleb128 0x49
 1150 0129 13       		.uleb128 0x13
 1151 012a 02       		.uleb128 0x2
 1152 012b 18       		.uleb128 0x18
 1153 012c 00       		.byte	0
 1154 012d 00       		.byte	0
 1155 012e 18       		.uleb128 0x18
 1156 012f 34       		.uleb128 0x34
 1157 0130 00       		.byte	0
 1158 0131 03       		.uleb128 0x3
 1159 0132 08       		.uleb128 0x8
 1160 0133 3A       		.uleb128 0x3a
 1161 0134 0B       		.uleb128 0xb
 1162 0135 3B       		.uleb128 0x3b
 1163 0136 05       		.uleb128 0x5
 1164 0137 49       		.uleb128 0x49
 1165 0138 13       		.uleb128 0x13
 1166 0139 02       		.uleb128 0x2
 1167 013a 17       		.uleb128 0x17
 1168 013b 00       		.byte	0
ARM GAS  C:\Users\lluveras\AppData\Local\Temp\ccyRRzzA.s 			page 28


 1169 013c 00       		.byte	0
 1170 013d 19       		.uleb128 0x19
 1171 013e 0B       		.uleb128 0xb
 1172 013f 01       		.byte	0x1
 1173 0140 11       		.uleb128 0x11
 1174 0141 01       		.uleb128 0x1
 1175 0142 12       		.uleb128 0x12
 1176 0143 06       		.uleb128 0x6
 1177 0144 00       		.byte	0
 1178 0145 00       		.byte	0
 1179 0146 1A       		.uleb128 0x1a
 1180 0147 0F       		.uleb128 0xf
 1181 0148 00       		.byte	0
 1182 0149 0B       		.uleb128 0xb
 1183 014a 0B       		.uleb128 0xb
 1184 014b 49       		.uleb128 0x49
 1185 014c 13       		.uleb128 0x13
 1186 014d 00       		.byte	0
 1187 014e 00       		.byte	0
 1188 014f 1B       		.uleb128 0x1b
 1189 0150 2E       		.uleb128 0x2e
 1190 0151 00       		.byte	0
 1191 0152 3F       		.uleb128 0x3f
 1192 0153 19       		.uleb128 0x19
 1193 0154 3C       		.uleb128 0x3c
 1194 0155 19       		.uleb128 0x19
 1195 0156 6E       		.uleb128 0x6e
 1196 0157 0E       		.uleb128 0xe
 1197 0158 03       		.uleb128 0x3
 1198 0159 0E       		.uleb128 0xe
 1199 015a 00       		.byte	0
 1200 015b 00       		.byte	0
 1201 015c 1C       		.uleb128 0x1c
 1202 015d 2E       		.uleb128 0x2e
 1203 015e 00       		.byte	0
 1204 015f 3F       		.uleb128 0x3f
 1205 0160 19       		.uleb128 0x19
 1206 0161 3C       		.uleb128 0x3c
 1207 0162 19       		.uleb128 0x19
 1208 0163 6E       		.uleb128 0x6e
 1209 0164 0E       		.uleb128 0xe
 1210 0165 03       		.uleb128 0x3
 1211 0166 0E       		.uleb128 0xe
 1212 0167 3A       		.uleb128 0x3a
 1213 0168 0B       		.uleb128 0xb
 1214 0169 3B       		.uleb128 0x3b
 1215 016a 0B       		.uleb128 0xb
 1216 016b 00       		.byte	0
 1217 016c 00       		.byte	0
 1218 016d 00       		.byte	0
 1219              		.section	.debug_loc,"",%progbits
 1220              	.Ldebug_loc0:
 1221              	.LLST0:
 1222 0000 00000000 		.4byte	.LVL0
 1223 0004 09000000 		.4byte	.LVL2-1
 1224 0008 0100     		.2byte	0x1
 1225 000a 50       		.byte	0x50
ARM GAS  C:\Users\lluveras\AppData\Local\Temp\ccyRRzzA.s 			page 29


 1226 000b 09000000 		.4byte	.LVL2-1
 1227 000f 0C000000 		.4byte	.LFE2
 1228 0013 0400     		.2byte	0x4
 1229 0015 F3       		.byte	0xf3
 1230 0016 01       		.uleb128 0x1
 1231 0017 50       		.byte	0x50
 1232 0018 9F       		.byte	0x9f
 1233 0019 00000000 		.4byte	0
 1234 001d 00000000 		.4byte	0
 1235              	.LLST1:
 1236 0021 00000000 		.4byte	.LVL0
 1237 0025 06000000 		.4byte	.LVL1
 1238 0029 0100     		.2byte	0x1
 1239 002b 51       		.byte	0x51
 1240 002c 06000000 		.4byte	.LVL1
 1241 0030 09000000 		.4byte	.LVL2-1
 1242 0034 0100     		.2byte	0x1
 1243 0036 52       		.byte	0x52
 1244 0037 09000000 		.4byte	.LVL2-1
 1245 003b 0C000000 		.4byte	.LFE2
 1246 003f 0400     		.2byte	0x4
 1247 0041 F3       		.byte	0xf3
 1248 0042 01       		.uleb128 0x1
 1249 0043 51       		.byte	0x51
 1250 0044 9F       		.byte	0x9f
 1251 0045 00000000 		.4byte	0
 1252 0049 00000000 		.4byte	0
 1253              	.LLST2:
 1254 004d 04000000 		.4byte	.LVL12
 1255 0051 12000000 		.4byte	.LVL14
 1256 0055 0100     		.2byte	0x1
 1257 0057 53       		.byte	0x53
 1258 0058 14000000 		.4byte	.LVL15
 1259 005c 20000000 		.4byte	.LFE7
 1260 0060 0100     		.2byte	0x1
 1261 0062 53       		.byte	0x53
 1262 0063 00000000 		.4byte	0
 1263 0067 00000000 		.4byte	0
 1264              	.LLST3:
 1265 006b E2000000 		.4byte	.LVL17
 1266 006f E6000000 		.4byte	.LVL18
 1267 0073 0200     		.2byte	0x2
 1268 0075 30       		.byte	0x30
 1269 0076 9F       		.byte	0x9f
 1270 0077 E6000000 		.4byte	.LVL18
 1271 007b 04010000 		.4byte	.LVL20
 1272 007f 0100     		.2byte	0x1
 1273 0081 54       		.byte	0x54
 1274 0082 06010000 		.4byte	.LVL21
 1275 0086 44010000 		.4byte	.LVL24
 1276 008a 0100     		.2byte	0x1
 1277 008c 54       		.byte	0x54
 1278 008d 00000000 		.4byte	0
 1279 0091 00000000 		.4byte	0
 1280              	.LLST4:
 1281 0095 E6000000 		.4byte	.LVL18
 1282 0099 04010000 		.4byte	.LVL20
ARM GAS  C:\Users\lluveras\AppData\Local\Temp\ccyRRzzA.s 			page 30


 1283 009d 0B00     		.2byte	0xb
 1284 009f 74       		.byte	0x74
 1285 00a0 00       		.sleb128 0
 1286 00a1 36       		.byte	0x36
 1287 00a2 1E       		.byte	0x1e
 1288 00a3 03       		.byte	0x3
 1289 00a4 00000000 		.4byte	cfg_memset_list.4899
 1290 00a8 22       		.byte	0x22
 1291 00a9 9F       		.byte	0x9f
 1292 00aa 04010000 		.4byte	.LVL20
 1293 00ae 06010000 		.4byte	.LVL21
 1294 00b2 0B00     		.2byte	0xb
 1295 00b4 74       		.byte	0x74
 1296 00b5 7F       		.sleb128 -1
 1297 00b6 36       		.byte	0x36
 1298 00b7 1E       		.byte	0x1e
 1299 00b8 03       		.byte	0x3
 1300 00b9 00000000 		.4byte	cfg_memset_list.4899
 1301 00bd 22       		.byte	0x22
 1302 00be 9F       		.byte	0x9f
 1303 00bf 00000000 		.4byte	0
 1304 00c3 00000000 		.4byte	0
 1305              		.section	.debug_aranges,"",%progbits
 1306 0000 3C000000 		.4byte	0x3c
 1307 0004 0200     		.2byte	0x2
 1308 0006 00000000 		.4byte	.Ldebug_info0
 1309 000a 04       		.byte	0x4
 1310 000b 00       		.byte	0
 1311 000c 0000     		.2byte	0
 1312 000e 0000     		.2byte	0
 1313 0010 00000000 		.4byte	.LFB2
 1314 0014 0C000000 		.4byte	.LFE2-.LFB2
 1315 0018 00000000 		.4byte	.LFB5
 1316 001c D8000000 		.4byte	.LFE5-.LFB5
 1317 0020 00000000 		.4byte	.LFB7
 1318 0024 20000000 		.4byte	.LFE7-.LFB7
 1319 0028 00000000 		.4byte	.LFB6
 1320 002c 54000000 		.4byte	.LFE6-.LFB6
 1321 0030 D8000000 		.4byte	.LFB8
 1322 0034 94000000 		.4byte	.LFE8-.LFB8
 1323 0038 00000000 		.4byte	0
 1324 003c 00000000 		.4byte	0
 1325              		.section	.debug_ranges,"",%progbits
 1326              	.Ldebug_ranges0:
 1327 0000 00000000 		.4byte	.LFB2
 1328 0004 0C000000 		.4byte	.LFE2
 1329 0008 00000000 		.4byte	.LFB5
 1330 000c D8000000 		.4byte	.LFE5
 1331 0010 00000000 		.4byte	.LFB7
 1332 0014 20000000 		.4byte	.LFE7
 1333 0018 00000000 		.4byte	.LFB6
 1334 001c 54000000 		.4byte	.LFE6
 1335 0020 D8000000 		.4byte	.LFB8
 1336 0024 6C010000 		.4byte	.LFE8
 1337 0028 00000000 		.4byte	0
 1338 002c 00000000 		.4byte	0
 1339              		.section	.debug_line,"",%progbits
ARM GAS  C:\Users\lluveras\AppData\Local\Temp\ccyRRzzA.s 			page 31


 1340              	.Ldebug_line0:
 1341 0000 75010000 		.section	.debug_str,"MS",%progbits,1
 1341      0200E300 
 1341      00000201 
 1341      FB0E0D00 
 1341      01010101 
 1342              	.LASF41:
 1343 0000 433A5C55 		.ascii	"C:\\Users\\lluveras\\Documents\\PSoC Creator\\adcBL"
 1343      73657273 
 1343      5C6C6C75 
 1343      76657261 
 1343      735C446F 
 1344 002e 455C6164 		.ascii	"E\\adcBtSend.cydsn\000"
 1344      63427453 
 1344      656E642E 
 1344      63796473 
 1344      6E00
 1345              	.LASF19:
 1346 0040 72656733 		.ascii	"reg32\000"
 1346      3200
 1347              	.LASF12:
 1348 0046 73697A65 		.ascii	"size_t\000"
 1348      5F7400
 1349              	.LASF23:
 1350 004d 416E616C 		.ascii	"AnalogSetDefault\000"
 1350      6F675365 
 1350      74446566 
 1350      61756C74 
 1350      00
 1351              	.LASF37:
 1352 005e 4379496E 		.ascii	"CyIntSetVector\000"
 1352      74536574 
 1352      56656374 
 1352      6F7200
 1353              	.LASF30:
 1354 006d 6366675F 		.ascii	"cfg_memset_list\000"
 1354      6D656D73 
 1354      65745F6C 
 1354      69737400 
 1355              	.LASF21:
 1356 007d 436C6F63 		.ascii	"ClockSetup\000"
 1356      6B536574 
 1356      757000
 1357              	.LASF6:
 1358 0088 73686F72 		.ascii	"short unsigned int\000"
 1358      7420756E 
 1358      7369676E 
 1358      65642069 
 1358      6E7400
 1359              	.LASF16:
 1360 009b 666C6F61 		.ascii	"float\000"
 1360      7400
 1361              	.LASF27:
 1362 00a1 73697A65 		.ascii	"size\000"
 1362      00
 1363              	.LASF33:
 1364 00a6 43795379 		.ascii	"CySysClkWcoSetPowerMode\000"
ARM GAS  C:\Users\lluveras\AppData\Local\Temp\ccyRRzzA.s 			page 32


 1364      73436C6B 
 1364      57636F53 
 1364      6574506F 
 1364      7765724D 
 1365              	.LASF18:
 1366 00be 72656738 		.ascii	"reg8\000"
 1366      00
 1367              	.LASF32:
 1368 00c3 43794465 		.ascii	"CyDelayCycles\000"
 1368      6C617943 
 1368      79636C65 
 1368      7300
 1369              	.LASF8:
 1370 00d1 6C6F6E67 		.ascii	"long unsigned int\000"
 1370      20756E73 
 1370      69676E65 
 1370      6420696E 
 1370      7400
 1371              	.LASF13:
 1372 00e3 75696E74 		.ascii	"uint8\000"
 1372      3800
 1373              	.LASF31:
 1374 00e9 43795379 		.ascii	"CySysClkWcoStart\000"
 1374      73436C6B 
 1374      57636F53 
 1374      74617274 
 1374      00
 1375              	.LASF20:
 1376 00fa 43594D45 		.ascii	"CYMEMZERO\000"
 1376      4D5A4552 
 1376      4F00
 1377              	.LASF24:
 1378 0104 53657441 		.ascii	"SetAnalogRoutingPumps\000"
 1378      6E616C6F 
 1378      67526F75 
 1378      74696E67 
 1378      50756D70 
 1379              	.LASF4:
 1380 011a 756E7369 		.ascii	"unsigned char\000"
 1380      676E6564 
 1380      20636861 
 1380      7200
 1381              	.LASF42:
 1382 0128 6D656D73 		.ascii	"memset\000"
 1382      657400
 1383              	.LASF17:
 1384 012f 646F7562 		.ascii	"double\000"
 1384      6C6500
 1385              	.LASF38:
 1386 0136 4379496E 		.ascii	"CyIntEnable\000"
 1386      74456E61 
 1386      626C6500 
 1387              	.LASF14:
 1388 0142 75696E74 		.ascii	"uint16\000"
 1388      313600
 1389              	.LASF15:
 1390 0149 75696E74 		.ascii	"uint32\000"
ARM GAS  C:\Users\lluveras\AppData\Local\Temp\ccyRRzzA.s 			page 33


 1390      333200
 1391              	.LASF0:
 1392 0150 756E7369 		.ascii	"unsigned int\000"
 1392      676E6564 
 1392      20696E74 
 1392      00
 1393              	.LASF25:
 1394 015d 63796669 		.ascii	"cyfitter_cfg\000"
 1394      74746572 
 1394      5F636667 
 1394      00
 1395              	.LASF26:
 1396 016a 61646472 		.ascii	"address\000"
 1396      65737300 
 1397              	.LASF9:
 1398 0172 6C6F6E67 		.ascii	"long long unsigned int\000"
 1398      206C6F6E 
 1398      6720756E 
 1398      7369676E 
 1398      65642069 
 1399              	.LASF39:
 1400 0189 474E5520 		.ascii	"GNU C11 5.4.1 20160609 (release) [ARM/embedded-5-br"
 1400      43313120 
 1400      352E342E 
 1400      31203230 
 1400      31363036 
 1401 01bc 616E6368 		.ascii	"anch revision 237715] -mcpu=cortex-m0 -mthumb -g -O"
 1401      20726576 
 1401      6973696F 
 1401      6E203233 
 1401      37373135 
 1402 01ef 67202D66 		.ascii	"g -ffunction-sections -ffat-lto-objects\000"
 1402      66756E63 
 1402      74696F6E 
 1402      2D736563 
 1402      74696F6E 
 1403              	.LASF28:
 1404 0217 6366675F 		.ascii	"cfg_memset_t\000"
 1404      6D656D73 
 1404      65745F74 
 1404      00
 1405              	.LASF10:
 1406 0224 73697A65 		.ascii	"sizetype\000"
 1406      74797065 
 1406      00
 1407              	.LASF1:
 1408 022d 6C6F6E67 		.ascii	"long long int\000"
 1408      206C6F6E 
 1408      6720696E 
 1408      7400
 1409              	.LASF36:
 1410 023b 43794465 		.ascii	"CyDelayUs\000"
 1410      6C617955 
 1410      7300
 1411              	.LASF11:
 1412 0245 63686172 		.ascii	"char\000"
 1412      00
ARM GAS  C:\Users\lluveras\AppData\Local\Temp\ccyRRzzA.s 			page 34


 1413              	.LASF35:
 1414 024a 43795379 		.ascii	"CySysClkEcoStart\000"
 1414      73436C6B 
 1414      45636F53 
 1414      74617274 
 1414      00
 1415              	.LASF22:
 1416 025b 656E6162 		.ascii	"enabled\000"
 1416      6C656400 
 1417              	.LASF5:
 1418 0263 73686F72 		.ascii	"short int\000"
 1418      7420696E 
 1418      7400
 1419              	.LASF34:
 1420 026d 43795379 		.ascii	"CySysClkWriteImoFreq\000"
 1420      73436C6B 
 1420      57726974 
 1420      65496D6F 
 1420      46726571 
 1421              	.LASF7:
 1422 0282 6C6F6E67 		.ascii	"long int\000"
 1422      20696E74 
 1422      00
 1423              	.LASF2:
 1424 028b 6C6F6E67 		.ascii	"long double\000"
 1424      20646F75 
 1424      626C6500 
 1425              	.LASF3:
 1426 0297 7369676E 		.ascii	"signed char\000"
 1426      65642063 
 1426      68617200 
 1427              	.LASF40:
 1428 02a3 47656E65 		.ascii	"Generated_Source\\PSoC4\\cyfitter_cfg.c\000"
 1428      72617465 
 1428      645F536F 
 1428      75726365 
 1428      5C50536F 
 1429              	.LASF29:
 1430 02c9 72656756 		.ascii	"regValue\000"
 1430      616C7565 
 1430      00
 1431              		.ident	"GCC: (GNU Tools for ARM Embedded Processors) 5.4.1 20160609 (release) [ARM/embedded-5-bran
